[WebServer] (node:66643) Warning: The 'NO_COLOR' env is ignored due to the 'FORCE_COLOR' env being set.
[WebServer] (Use `node --trace-warnings ...` to show where the warning was created)
[WebServer] (node:66662) Warning: The 'NO_COLOR' env is ignored due to the 'FORCE_COLOR' env being set.
[WebServer] (Use `node --trace-warnings ...` to show where the warning was created)
[WebServer] (node:66663) Warning: The 'NO_COLOR' env is ignored due to the 'FORCE_COLOR' env being set.
[WebServer] (Use `node --trace-warnings ...` to show where the warning was created)
[WebServer] (node:66664) Warning: The 'NO_COLOR' env is ignored due to the 'FORCE_COLOR' env being set.
[WebServer] (Use `node --trace-warnings ...` to show where the warning was created)
[WebServer] (node:66685) Warning: The 'NO_COLOR' env is ignored due to the 'FORCE_COLOR' env being set.
[WebServer] (Use `node --trace-warnings ...` to show where the warning was created)
[WebServer] (node:66686) Warning: The 'NO_COLOR' env is ignored due to the 'FORCE_COLOR' env being set.
[WebServer] (Use `node --trace-warnings ...` to show where the warning was created)
[WebServer] ⚠ The "middleware" file convention is deprecated. Please use "proxy" instead.
[WebServer] 
[WebServer]   To migrate automatically, run:
[WebServer]   npx @next/codemod@canary middleware-to-proxy .
[WebServer] 
[WebServer]   Learn more: https://nextjs.org/docs/messages/middleware-to-proxy

Running 5 tests using 1 worker

(node:66706) Warning: The 'NO_COLOR' env is ignored due to the 'FORCE_COLOR' env being set.
(Use `node --trace-warnings ...` to show where the warning was created)
  ✓  1 tests/ui/chessboard-calendar.spec.ts:12:1 › календарь: заголовок, сводка дня и быстрые действия (3.0s)
  ✓  2 tests/ui/chessboard-card.spec.ts:17:1 › одинарный клик — предпросмотр без ухода со страницы; Esc закрывает и возвращает фокус (4.5s)
  ✓  3 tests/ui/chessboard-card.spec.ts:48:1 › действия по статусу: подтверждённой — заселить, заселённому — выселить (6.9s)
  ✓  4 tests/ui/guests-birthdays.spec.ts:15:1 › календарь исключает дни рождения, отдельная страница раскрывает детали (12.3s)
  ✓  5 tests/ui/workspace.spec.ts:1246:1 › шахматка: статус словом, канал бейджем, долг плашкой, уборка в строке (4.6s)

  5 passed (38.7s)
