[WebServer] (node:17354) Warning: The 'NO_COLOR' env is ignored due to the 'FORCE_COLOR' env being set.
[WebServer] (Use `node --trace-warnings ...` to show where the warning was created)
[WebServer] (node:17388) Warning: The 'NO_COLOR' env is ignored due to the 'FORCE_COLOR' env being set.
[WebServer] (Use `node --trace-warnings ...` to show where the warning was created)
[WebServer] (node:17389) Warning: The 'NO_COLOR' env is ignored due to the 'FORCE_COLOR' env being set.
[WebServer] (Use `node --trace-warnings ...` to show where the warning was created)
[WebServer] (node:17393) Warning: The 'NO_COLOR' env is ignored due to the 'FORCE_COLOR' env being set.
[WebServer] (Use `node --trace-warnings ...` to show where the warning was created)
[WebServer] (node:17442) Warning: The 'NO_COLOR' env is ignored due to the 'FORCE_COLOR' env being set.
[WebServer] (Use `node --trace-warnings ...` to show where the warning was created)
[WebServer] (node:17443) Warning: The 'NO_COLOR' env is ignored due to the 'FORCE_COLOR' env being set.
[WebServer] (Use `node --trace-warnings ...` to show where the warning was created)
[WebServer] ⚠ The "middleware" file convention is deprecated. Please use "proxy" instead.
[WebServer] 
[WebServer]   To migrate automatically, run:
[WebServer]   npx @next/codemod@canary middleware-to-proxy .
[WebServer] 
[WebServer]   Learn more: https://nextjs.org/docs/messages/middleware-to-proxy

Running 5 tests using 1 worker

(node:17497) Warning: The 'NO_COLOR' env is ignored due to the 'FORCE_COLOR' env being set.
(Use `node --trace-warnings ...` to show where the warning was created)
  ✓  1 tests/ui/booking-price-nights.spec.ts:28:1 › календарь: сводка дня карточкой справа, управление слева (10.1s)
  ✓  2 tests/ui/chessboard-compact-screen.spec.ts:42:1 › ноутбук 1366×768: восемь строк мест видны целиком, страница не прокручивается (4.9s)
  ✓  3 tests/ui/chessboard-design.spec.ts:12:1 › статусы шахматки понятны без открытия инструкции (3.5s)
  ✓  4 tests/ui/chessboard-filters.spec.ts:251:1 › §38: вид «Компактный / Обычный / Подробный» меняет высоту строк и помнится (6.4s)
  ✓  5 tests/ui/chessboard-month.spec.ts:28:1 › все 31 день помещаются по ширине окна (7.3s)

  5 passed (1.0m)
