[WebServer] (node:21842) Warning: The 'NO_COLOR' env is ignored due to the 'FORCE_COLOR' env being set.
[WebServer] (Use `node --trace-warnings ...` to show where the warning was created)
[WebServer] (node:21874) Warning: The 'NO_COLOR' env is ignored due to the 'FORCE_COLOR' env being set.
[WebServer] (Use `node --trace-warnings ...` to show where the warning was created)
[WebServer] (node:21875) Warning: The 'NO_COLOR' env is ignored due to the 'FORCE_COLOR' env being set.
[WebServer] (Use `node --trace-warnings ...` to show where the warning was created)
[WebServer] (node:21946) Warning: The 'NO_COLOR' env is ignored due to the 'FORCE_COLOR' env being set.
[WebServer] (Use `node --trace-warnings ...` to show where the warning was created)
[WebServer] (node:21980) Warning: The 'NO_COLOR' env is ignored due to the 'FORCE_COLOR' env being set.
[WebServer] (Use `node --trace-warnings ...` to show where the warning was created)
[WebServer] (node:21981) Warning: The 'NO_COLOR' env is ignored due to the 'FORCE_COLOR' env being set.
[WebServer] (Use `node --trace-warnings ...` to show where the warning was created)
[WebServer] ⚠ The "middleware" file convention is deprecated. Please use "proxy" instead.
[WebServer] 
[WebServer]   To migrate automatically, run:
[WebServer]   npx @next/codemod@canary middleware-to-proxy .
[WebServer] 
[WebServer]   Learn more: https://nextjs.org/docs/messages/middleware-to-proxy

Running 7 tests using 1 worker

(node:22042) Warning: The 'NO_COLOR' env is ignored due to the 'FORCE_COLOR' env being set.
(Use `node --trace-warnings ...` to show where the warning was created)
[WebServer] (node:22076) Warning: The 'NO_COLOR' env is ignored due to the 'FORCE_COLOR' env being set.
[WebServer] (Use `node --trace-warnings ...` to show where the warning was created)
[WebServer] (node:22084) Warning: The 'NO_COLOR' env is ignored due to the 'FORCE_COLOR' env being set.
[WebServer] (Use `node --trace-warnings ...` to show where the warning was created)
[WebServer] (node:22086) Warning: The 'NO_COLOR' env is ignored due to the 'FORCE_COLOR' env being set.
[WebServer] (Use `node --trace-warnings ...` to show where the warning was created)
[WebServer] (node:22088) Warning: The 'NO_COLOR' env is ignored due to the 'FORCE_COLOR' env being set.
[WebServer] (Use `node --trace-warnings ...` to show where the warning was created)
  ✓  1 tests/ui/payment-draft.spec.ts:10:3 › обновление счёта сохраняет введённые сумму и примечание (4.8s)
[WebServer] (node:22096) Warning: The 'NO_COLOR' env is ignored due to the 'FORCE_COLOR' env being set.
[WebServer] (Use `node --trace-warnings ...` to show where the warning was created)
[WebServer] (node:22100) Warning: The 'NO_COLOR' env is ignored due to the 'FORCE_COLOR' env being set.
[WebServer] (Use `node --trace-warnings ...` to show where the warning was created)
[WebServer] (node:22106) Warning: The 'NO_COLOR' env is ignored due to the 'FORCE_COLOR' env being set.
[WebServer] (Use `node --trace-warnings ...` to show where the warning was created)
  ✓  2 tests/ui/payment-draft.spec.ts:10:3 › обновление счёта обновляет сумму, если её ещё не вводили (2.4s)
[WebServer] (node:22115) Warning: The 'NO_COLOR' env is ignored due to the 'FORCE_COLOR' env being set.
[WebServer] (Use `node --trace-warnings ...` to show where the warning was created)
[WebServer] (node:22116) Warning: The 'NO_COLOR' env is ignored due to the 'FORCE_COLOR' env being set.
[WebServer] (Use `node --trace-warnings ...` to show where the warning was created)
  ✓  3 tests/ui/payment-draft.spec.ts:68:1 › оплата D3: строка сути называет сумму, способ, счёт и бронь; не число не уходит (2.6s)
  ✓  4 tests/ui/preview-money-confirmation.spec.ts:9:1 › календарь: оплата без перехода и отказ от незавершённого ввода (1.8s)
[WebServer] ⨯ Error: The destination stream closed early.
[WebServer]     at ignore-listed frames {
[WebServer]   digest: '739557167'
[WebServer] }
  ✓  5 tests/ui/preview-money-confirmation.spec.ts:54:1 › телефон: возврат в календаре проверяет платёж и подтверждает сумму (2.6s)
  ✓  6 tests/ui/preview-money-confirmation.spec.ts:97:1 › закрытие незавершённого ввода ничего не проводит (1.8s)
  ✓  7 tests/ui/preview-money-confirmation.spec.ts:129:1 › проведённая оплата остаётся видна при ошибке обновления счёта (1.7s)
[WebServer] ⨯ Error: The destination stream closed early.
[WebServer]     at ignore-listed frames {
[WebServer]   digest: '739557167'
[WebServer] }

  7 passed (24.2s)
