[WebServer] (node:588) Warning: The 'NO_COLOR' env is ignored due to the 'FORCE_COLOR' env being set.
[WebServer] (Use `node --trace-warnings ...` to show where the warning was created)
[WebServer] (node:662) Warning: The 'NO_COLOR' env is ignored due to the 'FORCE_COLOR' env being set.
[WebServer] (Use `node --trace-warnings ...` to show where the warning was created)
[WebServer] (node:684) Warning: The 'NO_COLOR' env is ignored due to the 'FORCE_COLOR' env being set.
[WebServer] (Use `node --trace-warnings ...` to show where the warning was created)
[WebServer] (node:730) Warning: The 'NO_COLOR' env is ignored due to the 'FORCE_COLOR' env being set.
[WebServer] (Use `node --trace-warnings ...` to show where the warning was created)
[WebServer] (node:789) Warning: The 'NO_COLOR' env is ignored due to the 'FORCE_COLOR' env being set.
[WebServer] (Use `node --trace-warnings ...` to show where the warning was created)
[WebServer] (node:794) Warning: The 'NO_COLOR' env is ignored due to the 'FORCE_COLOR' env being set.
[WebServer] (Use `node --trace-warnings ...` to show where the warning was created)
[WebServer] ⚠ The "middleware" file convention is deprecated. Please use "proxy" instead.
[WebServer] 
[WebServer]   To migrate automatically, run:
[WebServer]   npx @next/codemod@canary middleware-to-proxy .
[WebServer] 
[WebServer]   Learn more: https://nextjs.org/docs/messages/middleware-to-proxy

Running 22 tests using 1 worker

(node:913) Warning: The 'NO_COLOR' env is ignored due to the 'FORCE_COLOR' env being set.
(Use `node --trace-warnings ...` to show where the warning was created)
  ✓   1 tests/ui/calendar-workspace.spec.ts:7:1 › calendar fills notebook screen with a side summary and frozen headings (27.6s)
  ✓   2 tests/ui/calendar-workspace.spec.ts:29:1 › expanded calendar restores the workspace with Escape and remembers density (38.6s)
  ✓   3 tests/ui/calendar-workspace.spec.ts:45:1 › booking menu and keyboard remain usable in the expanded calendar (23.4s)
  ✓   4 tests/ui/chessboard-compact-screen.spec.ts:42:1 › ноутбук 1366×768: восемь строк мест видны целиком, страница не прокручивается (13.4s)
  ✓   5 tests/ui/chessboard-compact-screen.spec.ts:60:1 › свёрнутые категории переживают перезагрузку и разворачиваются (15.1s)
  ✓   6 tests/ui/chessboard-compact-screen.spec.ts:72:1 › без сохранённого выбора вид «Компактный», сохранённый «Обычный» и «Подробный» восстанавливаются (24.8s)
  ✓   7 tests/ui/chessboard-mobile.spec.ts:15:3 › телефон 360: читаемые даты, прокрутка и бронь на несколько ночей (29.3s)
  ✓   8 tests/ui/chessboard-mobile.spec.ts:15:3 › телефон 390: читаемые даты, прокрутка и бронь на несколько ночей (13.8s)
  ✓   9 tests/ui/chessboard-mobile.spec.ts:15:3 › телефон 430: читаемые даты, прокрутка и бронь на несколько ночей (17.2s)
  ✓  10 tests/ui/chessboard-mobile.spec.ts:94:1 › мобильный период останавливается перед занятой ночью (9.6s)
  ✓  11 tests/ui/chessboard-mobile.spec.ts:115:3 › телефон light: карточка брони, фильтры и длинный календарь (7.7s)
  ✓  12 tests/ui/chessboard-mobile.spec.ts:115:3 › телефон dark: карточка брони, фильтры и длинный календарь (8.4s)
  ✓  13 tests/ui/chessboard-mobile.spec.ts:160:1 › форма брони на телефоне: крупные поля, сохранённые даты и доступная кнопка (6.5s)
  ✓  14 tests/ui/chessboard-mobile.spec.ts:188:3 › статистика 360: виджеты дня перед календарём и вертикальная прокрутка (4.8s)
  ✓  15 tests/ui/chessboard-mobile.spec.ts:188:3 › статистика 390: виджеты дня перед календарём и вертикальная прокрутка (5.0s)
  ✓  16 tests/ui/chessboard-mobile.spec.ts:188:3 › статистика 430: виджеты дня перед календарём и вертикальная прокрутка (5.8s)
  ✓  17 tests/ui/chessboard-mobile.spec.ts:222:1 › мобильная панель меняет заезд без закрытия и показывает выезд (7.3s)
[WebServer] (node:2348) Warning: The 'NO_COLOR' env is ignored due to the 'FORCE_COLOR' env being set.
[WebServer] (Use `node --trace-warnings ...` to show where the warning was created)
[WebServer] (node:2368) Warning: The 'NO_COLOR' env is ignored due to the 'FORCE_COLOR' env being set.
[WebServer] (Use `node --trace-warnings ...` to show where the warning was created)
  ✓  18 tests/ui/chessboard-mobile.spec.ts:242:1 › календарь возвращает обе позиции после полной карточки и сбрасывает их по Сегодня (22.2s)
  ✓  19 tests/ui/chessboard-mobile.spec.ts:271:1 › мобильная форма: ввод гостя на низком экране не перекрыт действиями (13.9s)
  ✓  20 tests/ui/chessboard-mobile.spec.ts:294:3 › телефон light: длинное имя и бронь на 28 ночей (12.4s)
  ✓  21 tests/ui/chessboard-mobile.spec.ts:294:3 › телефон dark: длинное имя и бронь на 28 ночей (9.7s)
[WebServer] (node:2614) Warning: The 'NO_COLOR' env is ignored due to the 'FORCE_COLOR' env being set.
[WebServer] (Use `node --trace-warnings ...` to show where the warning was created)
[WebServer] Error: aborted
[WebServer]     at ignore-listed frames {
[WebServer]   code: 'ECONNRESET'
[WebServer] }
[WebServer] ⨯ uncaughtException: Error: aborted
[WebServer]     at ignore-listed frames {
[WebServer]   code: 'ECONNRESET'
[WebServer] }
[WebServer] ⨯ uncaughtException:  Error: aborted
[WebServer]     at ignore-listed frames {
[WebServer]   code: 'ECONNRESET'
[WebServer] }
[WebServer] Error: aborted
[WebServer]     at ignore-listed frames {
[WebServer]   code: 'ECONNRESET'
[WebServer] }
[WebServer] ⨯ uncaughtException: Error: aborted
[WebServer]     at ignore-listed frames {
[WebServer]   code: 'ECONNRESET'
[WebServer] }
[WebServer] ⨯ uncaughtException:  Error: aborted
[WebServer]     at ignore-listed frames {
[WebServer]   code: 'ECONNRESET'
[WebServer] }
[WebServer] (node:2645) Warning: The 'NO_COLOR' env is ignored due to the 'FORCE_COLOR' env being set.
[WebServer] (Use `node --trace-warnings ...` to show where the warning was created)
[WebServer] Error: aborted
[WebServer]     at ignore-listed frames {
[WebServer]   code: 'ECONNRESET'
[WebServer] }
[WebServer] ⨯ uncaughtException: Error: aborted
[WebServer]     at ignore-listed frames {
[WebServer]   code: 'ECONNRESET'
[WebServer] }
[WebServer] ⨯ uncaughtException:  Error: aborted
[WebServer]     at ignore-listed frames {
[WebServer]   code: 'ECONNRESET'
[WebServer] }
[WebServer] (node:2660) Warning: The 'NO_COLOR' env is ignored due to the 'FORCE_COLOR' env being set.
[WebServer] (Use `node --trace-warnings ...` to show where the warning was created)
  ✓  22 tests/ui/chessboard-mobile.spec.ts:327:1 › телефон возвращает поиск номера и выбранный вид мест после карточки (21.2s)

  22 passed (7.0m)
