[WebServer] (node:86411) Warning: The 'NO_COLOR' env is ignored due to the 'FORCE_COLOR' env being set.
[WebServer] (Use `node --trace-warnings ...` to show where the warning was created)
[WebServer] (node:86445) Warning: The 'NO_COLOR' env is ignored due to the 'FORCE_COLOR' env being set.
[WebServer] (Use `node --trace-warnings ...` to show where the warning was created)
[WebServer] (node:86446) Warning: The 'NO_COLOR' env is ignored due to the 'FORCE_COLOR' env being set.
[WebServer] (Use `node --trace-warnings ...` to show where the warning was created)
[WebServer] (node:86448) Warning: The 'NO_COLOR' env is ignored due to the 'FORCE_COLOR' env being set.
[WebServer] (Use `node --trace-warnings ...` to show where the warning was created)
[WebServer] (node:86482) Warning: The 'NO_COLOR' env is ignored due to the 'FORCE_COLOR' env being set.
[WebServer] (Use `node --trace-warnings ...` to show where the warning was created)
[WebServer] (node:86483) Warning: The 'NO_COLOR' env is ignored due to the 'FORCE_COLOR' env being set.
[WebServer] (Use `node --trace-warnings ...` to show where the warning was created)
[WebServer] ⚠ The "middleware" file convention is deprecated. Please use "proxy" instead.
[WebServer] 
[WebServer]   To migrate automatically, run:
[WebServer]   npx @next/codemod@canary middleware-to-proxy .
[WebServer] 
[WebServer]   Learn more: https://nextjs.org/docs/messages/middleware-to-proxy

Running 27 tests using 1 worker

(node:86489) Warning: The 'NO_COLOR' env is ignored due to the 'FORCE_COLOR' env being set.
(Use `node --trace-warnings ...` to show where the warning was created)
[WebServer] (node:86508) Warning: The 'NO_COLOR' env is ignored due to the 'FORCE_COLOR' env being set.
[WebServer] (Use `node --trace-warnings ...` to show where the warning was created)
[WebServer] (node:86512) Warning: The 'NO_COLOR' env is ignored due to the 'FORCE_COLOR' env being set.
[WebServer] (Use `node --trace-warnings ...` to show where the warning was created)
  ✓   1 tests/ui/booking-cancellation-reasons.spec.ts:9:1 › единая отмена предлагает незаезд как причину и сохраняет статус (3.4s)
[WebServer] (node:86527) Warning: The 'NO_COLOR' env is ignored due to the 'FORCE_COLOR' env being set.
[WebServer] (Use `node --trace-warnings ...` to show where the warning was created)
[WebServer] (node:86529) Warning: The 'NO_COLOR' env is ignored due to the 'FORCE_COLOR' env being set.
[WebServer] (Use `node --trace-warnings ...` to show where the warning was created)
  ✓   2 tests/ui/booking-cancellation-reasons.spec.ts:34:1 › закрытие окна отмены сохраняет бронь, подтверждение отменяет (1.7s)
[WebServer] (node:86558) Warning: The 'NO_COLOR' env is ignored due to the 'FORCE_COLOR' env being set.
[WebServer] (Use `node --trace-warnings ...` to show where the warning was created)
[WebServer] (node:86576) Warning: The 'NO_COLOR' env is ignored due to the 'FORCE_COLOR' env being set.
[WebServer] (Use `node --trace-warnings ...` to show where the warning was created)
  ✓   3 tests/ui/booking-money-confirmation.spec.ts:9:1 › оплата в карточке требует проверки и подтверждения (1.4s)
[WebServer] (node:86586) Warning: The 'NO_COLOR' env is ignored due to the 'FORCE_COLOR' env being set.
[WebServer] (Use `node --trace-warnings ...` to show where the warning was created)
[WebServer] (node:86588) Warning: The 'NO_COLOR' env is ignored due to the 'FORCE_COLOR' env being set.
[WebServer] (Use `node --trace-warnings ...` to show where the warning was created)
  ✓   4 tests/ui/booking-money-confirmation.spec.ts:40:1 › возврат требует подтверждения и сохраняет результат (1.4s)
  ✓   5 tests/ui/booking-status-confirmation.spec.ts:8:3 › calendar: заселение требует подтверждения, отказ сохраняет статус (1.7s)
[WebServer] (node:86616) Warning: The 'NO_COLOR' env is ignored due to the 'FORCE_COLOR' env being set.
[WebServer] (Use `node --trace-warnings ...` to show where the warning was created)
  ✓   6 tests/ui/booking-status-confirmation.spec.ts:8:3 › card: заселение требует подтверждения, отказ сохраняет статус (1.4s)
[WebServer] (node:86618) Warning: The 'NO_COLOR' env is ignored due to the 'FORCE_COLOR' env being set.
[WebServer] (Use `node --trace-warnings ...` to show where the warning was created)
  ✓   7 tests/ui/chessboard-compact-screen.spec.ts:42:1 › ноутбук 1366×768: восемь строк мест видны целиком, страница не прокручивается (1.3s)
  ✓   8 tests/ui/chessboard-compact-screen.spec.ts:60:1 › свёрнутые категории переживают перезагрузку и разворачиваются (2.2s)
  ✓   9 tests/ui/chessboard-compact-screen.spec.ts:72:1 › без сохранённого выбора вид «Компактный», сохранённый «Обычный» и «Подробный» восстанавливаются (3.9s)
[WebServer] (node:86740) Warning: The 'NO_COLOR' env is ignored due to the 'FORCE_COLOR' env being set.
[WebServer] (Use `node --trace-warnings ...` to show where the warning was created)
  ✓  10 tests/ui/finance-card-actions.spec.ts:34:1 › порядок: «Принять оплату» первой, затем проживание и услуги, затем оплаты; запросы оплаты свёрнуты ниже (1.1s)
[WebServer] (node:86760) Warning: The 'NO_COLOR' env is ignored due to the 'FORCE_COLOR' env being set.
[WebServer] (Use `node --trace-warnings ...` to show where the warning was created)
[WebServer] (node:86792) Warning: The 'NO_COLOR' env is ignored due to the 'FORCE_COLOR' env being set.
[WebServer] (Use `node --trace-warnings ...` to show where the warning was created)
  ✓  11 tests/ui/finance-card-actions.spec.ts:59:1 › возврат кнопкой «Вернуть»: форма с остатком платежа по умолчанию, после возврата строка и баланс обновлены (1.5s)
[WebServer] (node:86812) Warning: The 'NO_COLOR' env is ignored due to the 'FORCE_COLOR' env being set.
[WebServer] (Use `node --trace-warnings ...` to show where the warning was created)
[WebServer] (node:86814) Warning: The 'NO_COLOR' env is ignored due to the 'FORCE_COLOR' env being set.
[WebServer] (Use `node --trace-warnings ...` to show where the warning was created)
  ✓  12 tests/ui/finance-card-actions.spec.ts:82:1 › «Изменить» платёж: панель справа, новый способ и сумма; прежний остаётся аннулированным (1.8s)
[WebServer] (node:86818) Warning: The 'NO_COLOR' env is ignored due to the 'FORCE_COLOR' env being set.
[WebServer] (Use `node --trace-warnings ...` to show where the warning was created)
[WebServer] (node:86835) Warning: The 'NO_COLOR' env is ignored due to the 'FORCE_COLOR' env being set.
[WebServer] (Use `node --trace-warnings ...` to show where the warning was created)
  ✓  13 tests/ui/finance-card-actions.spec.ts:106:1 › «Аннулировать» платёж: вопрос с суммой, строка остаётся аннулированной, остаток к оплате вырос (1.5s)
[WebServer] (node:86839) Warning: The 'NO_COLOR' env is ignored due to the 'FORCE_COLOR' env being set.
[WebServer] (Use `node --trace-warnings ...` to show where the warning was created)
[WebServer] (node:86840) Warning: The 'NO_COLOR' env is ignored due to the 'FORCE_COLOR' env being set.
[WebServer] (Use `node --trace-warnings ...` to show where the warning was created)
[WebServer] (node:86843) Warning: The 'NO_COLOR' env is ignored due to the 'FORCE_COLOR' env being set.
[WebServer] (Use `node --trace-warnings ...` to show where the warning was created)
  ✓  14 tests/ui/finance-card-actions.spec.ts:129:1 › скидка 10 % от проживания ложится отдельной строкой со знаком минус; сумма скидки — тоже (1.8s)
[WebServer] (node:86854) Warning: The 'NO_COLOR' env is ignored due to the 'FORCE_COLOR' env being set.
[WebServer] (Use `node --trace-warnings ...` to show where the warning was created)
[WebServer] (node:86859) Warning: The 'NO_COLOR' env is ignored due to the 'FORCE_COLOR' env being set.
[WebServer] (Use `node --trace-warnings ...` to show where the warning was created)
  ✓  15 tests/ui/finance-card-actions.spec.ts:155:1 › цена проживания: «Изменить цену» у строки проживания, новая цена в счёте и в шапке брони (1.5s)
[WebServer] (node:86864) Warning: The 'NO_COLOR' env is ignored due to the 'FORCE_COLOR' env being set.
[WebServer] (Use `node --trace-warnings ...` to show where the warning was created)
[WebServer] (node:86877) Warning: The 'NO_COLOR' env is ignored due to the 'FORCE_COLOR' env being set.
[WebServer] (Use `node --trace-warnings ...` to show where the warning was created)
[WebServer] (node:86878) Warning: The 'NO_COLOR' env is ignored due to the 'FORCE_COLOR' env being set.
[WebServer] (Use `node --trace-warnings ...` to show where the warning was created)
  ✓  16 tests/ui/finance-card-actions.spec.ts:174:1 › администратор: оплату принимает, но без «Вернуть», «Изменить», «Аннулировать» и скидки; у управляющего они есть (3.1s)
[WebServer] ⨯ Error: The destination stream closed early.
[WebServer]     at ignore-listed frames {
[WebServer]   digest: '739557167'
[WebServer] }
[WebServer] (node:86879) Warning: The 'NO_COLOR' env is ignored due to the 'FORCE_COLOR' env being set.
[WebServer] (Use `node --trace-warnings ...` to show where the warning was created)
[WebServer] (node:86893) Warning: The 'NO_COLOR' env is ignored due to the 'FORCE_COLOR' env being set.
[WebServer] (Use `node --trace-warnings ...` to show where the warning was created)
[WebServer] (node:86901) Warning: The 'NO_COLOR' env is ignored due to the 'FORCE_COLOR' env being set.
[WebServer] (Use `node --trace-warnings ...` to show where the warning was created)
  ✓  17 tests/ui/finance-card-actions.spec.ts:199:5 › доступность «Счетов» с возвратом и панелью правки платежа: light, 1440px (3.7s)
[WebServer] (node:86911) Warning: The 'NO_COLOR' env is ignored due to the 'FORCE_COLOR' env being set.
[WebServer] (Use `node --trace-warnings ...` to show where the warning was created)
[WebServer] (node:86914) Warning: The 'NO_COLOR' env is ignored due to the 'FORCE_COLOR' env being set.
[WebServer] (Use `node --trace-warnings ...` to show where the warning was created)
  ✓  18 tests/ui/finance-card-actions.spec.ts:199:5 › доступность «Счетов» с возвратом и панелью правки платежа: light, 390px (2.5s)
[WebServer] (node:86922) Warning: The 'NO_COLOR' env is ignored due to the 'FORCE_COLOR' env being set.
[WebServer] (Use `node --trace-warnings ...` to show where the warning was created)
[WebServer] (node:86923) Warning: The 'NO_COLOR' env is ignored due to the 'FORCE_COLOR' env being set.
[WebServer] (Use `node --trace-warnings ...` to show where the warning was created)
  ✓  19 tests/ui/finance-card-actions.spec.ts:199:5 › доступность «Счетов» с возвратом и панелью правки платежа: dark, 1440px (2.5s)
[WebServer] (node:86995) Warning: The 'NO_COLOR' env is ignored due to the 'FORCE_COLOR' env being set.
[WebServer] (Use `node --trace-warnings ...` to show where the warning was created)
[WebServer] (node:87041) Warning: The 'NO_COLOR' env is ignored due to the 'FORCE_COLOR' env being set.
[WebServer] (Use `node --trace-warnings ...` to show where the warning was created)
  ✓  20 tests/ui/finance-card-actions.spec.ts:199:5 › доступность «Счетов» с возвратом и панелью правки платежа: dark, 390px (2.6s)
[WebServer] (node:87074) Warning: The 'NO_COLOR' env is ignored due to the 'FORCE_COLOR' env being set.
[WebServer] (Use `node --trace-warnings ...` to show where the warning was created)
[WebServer] (node:87079) Warning: The 'NO_COLOR' env is ignored due to the 'FORCE_COLOR' env being set.
[WebServer] (Use `node --trace-warnings ...` to show where the warning was created)
[WebServer] (node:87081) Warning: The 'NO_COLOR' env is ignored due to the 'FORCE_COLOR' env being set.
[WebServer] (Use `node --trace-warnings ...` to show where the warning was created)
  ✓  21 tests/ui/payment-draft.spec.ts:10:3 › обновление счёта сохраняет введённые сумму и примечание (2.3s)
[WebServer] (node:87086) Warning: The 'NO_COLOR' env is ignored due to the 'FORCE_COLOR' env being set.
[WebServer] (Use `node --trace-warnings ...` to show where the warning was created)
[WebServer] (node:87092) Warning: The 'NO_COLOR' env is ignored due to the 'FORCE_COLOR' env being set.
[WebServer] (Use `node --trace-warnings ...` to show where the warning was created)
[WebServer] (node:87093) Warning: The 'NO_COLOR' env is ignored due to the 'FORCE_COLOR' env being set.
[WebServer] (Use `node --trace-warnings ...` to show where the warning was created)
  ✓  22 tests/ui/payment-draft.spec.ts:10:3 › обновление счёта обновляет сумму, если её ещё не вводили (1.7s)
[WebServer] (node:87097) Warning: The 'NO_COLOR' env is ignored due to the 'FORCE_COLOR' env being set.
[WebServer] (Use `node --trace-warnings ...` to show where the warning was created)
[WebServer] (node:87098) Warning: The 'NO_COLOR' env is ignored due to the 'FORCE_COLOR' env being set.
[WebServer] (Use `node --trace-warnings ...` to show where the warning was created)
  ✓  23 tests/ui/payment-draft.spec.ts:68:1 › оплата D3: строка сути называет сумму, способ, счёт и бронь; не число не уходит (1.2s)
  ✓  24 tests/ui/preview-money-confirmation.spec.ts:9:1 › календарь: оплата без перехода и отказ от незавершённого ввода (1.7s)
[WebServer] ⨯ Error: The destination stream closed early.
[WebServer]     at ignore-listed frames {
[WebServer]   digest: '739557167'
[WebServer] }
  ✓  25 tests/ui/preview-money-confirmation.spec.ts:49:1 › телефон: возврат в календаре проверяет платёж и подтверждает сумму (2.1s)
  ✓  26 tests/ui/preview-money-confirmation.spec.ts:89:1 › закрытие незавершённого ввода ничего не проводит (1.5s)
  ✓  27 tests/ui/preview-money-confirmation.spec.ts:117:1 › проведённая оплата остаётся видна при ошибке обновления счёта (1.6s)
[WebServer] ⨯ Error: The destination stream closed early.
[WebServer]     at ignore-listed frames {
[WebServer]   digest: '739557167'
[WebServer] }

  27 passed (1.1m)
