[WebServer] (node:18917) Warning: The 'NO_COLOR' env is ignored due to the 'FORCE_COLOR' env being set.
[WebServer] (Use `node --trace-warnings ...` to show where the warning was created)
[WebServer] (node:18921) Warning: The 'NO_COLOR' env is ignored due to the 'FORCE_COLOR' env being set.
[WebServer] (Use `node --trace-warnings ...` to show where the warning was created)
[WebServer] (node:18966) Warning: The 'NO_COLOR' env is ignored due to the 'FORCE_COLOR' env being set.
[WebServer] (Use `node --trace-warnings ...` to show where the warning was created)
[WebServer] (node:19007) Warning: The 'NO_COLOR' env is ignored due to the 'FORCE_COLOR' env being set.
[WebServer] (Use `node --trace-warnings ...` to show where the warning was created)
[WebServer] ⨯ Error: Войдите в систему
[WebServer]     at h (.next/server/chunks/ssr/apps_web_src_lib_api_ts_04k3wxg._.js:1:1760)
[WebServer]     at async Object.me (.next/server/chunks/ssr/apps_web_src_lib_api_ts_04k3wxg._.js:1:5195) {
[WebServer]   status: 401,
[WebServer]   digest: 'API_401'
[WebServer] }
Isolated local calendar schema ready, migrations: 73
[WebServer] ⨯ Error: Войдите в систему
[WebServer]     at h (.next/server/chunks/ssr/apps_web_src_lib_api_ts_04k3wxg._.js:1:1760)
[WebServer]     at async Object.me (.next/server/chunks/ssr/apps_web_src_lib_api_ts_04k3wxg._.js:1:5195) {
[WebServer]   status: 401,
[WebServer]   digest: 'API_401'
[WebServer] }
[WebServer] ⨯ Error: Войдите в систему
[WebServer]     at h (.next/server/chunks/ssr/apps_web_src_lib_api_ts_04k3wxg._.js:1:1760)
[WebServer]     at async Object.me (.next/server/chunks/ssr/apps_web_src_lib_api_ts_04k3wxg._.js:1:5195) {
[WebServer]   status: 401,
[WebServer]   digest: 'API_401'
[WebServer] }
[WebServer] ⨯ Error: Войдите в систему
[WebServer]     at h (.next/server/chunks/ssr/apps_web_src_lib_api_ts_04k3wxg._.js:1:1760)
[WebServer]     at async Object.me (.next/server/chunks/ssr/apps_web_src_lib_api_ts_04k3wxg._.js:1:5195) {
[WebServer]   status: 401,
[WebServer]   digest: 'API_401'
[WebServer] }
[WebServer] ⨯ Error: Войдите в систему
[WebServer]     at h (.next/server/chunks/ssr/apps_web_src_lib_api_ts_04k3wxg._.js:1:1760)
[WebServer]     at async Object.me (.next/server/chunks/ssr/apps_web_src_lib_api_ts_04k3wxg._.js:1:5195) {
[WebServer]   status: 401,
[WebServer]   digest: 'API_401'
[WebServer] }

Running 26 tests using 2 workers

(node:19053) Warning: The 'NO_COLOR' env is ignored due to the 'FORCE_COLOR' env being set.
(Use `node --trace-warnings ...` to show where the warning was created)
  ✓   1 [schema-guard] › tests/e2e/_schema-guard.setup.ts:7:1 › API тестов работает в pms_test, а не в рабочих данных (972ms)
(node:19066) Warning: The 'NO_COLOR' env is ignored due to the 'FORCE_COLOR' env being set.
(Use `node --trace-warnings ...` to show where the warning was created)
  ✓   2 [auth] › tests/e2e/_auth.setup.ts:21:1 › вход сотрудника автотестов: замок включён, сессия и филиал в cookie стойки (4.8s)
(node:19111) Warning: The 'NO_COLOR' env is ignored due to the 'FORCE_COLOR' env being set.
(Use `node --trace-warnings ...` to show where the warning was created)
(node:19110) Warning: The 'NO_COLOR' env is ignored due to the 'FORCE_COLOR' env being set.
(Use `node --trace-warnings ...` to show where the warning was created)
[WebServer] (node:18921) DeprecationWarning: Calling client.query() when the client is already executing a query is deprecated and will be removed in pg@9.0. Use async/await or an external async flow control mechanism instead.
  ✓   3 [isolated] › tests/e2e/cancellation-penalty.spec.ts:27:1 › отмена заранее — без штрафа, незаезд — со штрафом за первую ночь, стойка может его снять (14.8s)
[WebServer] ⨯ Error: The destination stream closed early.
[WebServer]     at ignore-listed frames {
[WebServer]   digest: '2050700828'
[WebServer] }
  ✓   4 [isolated] › tests/e2e/check-in-out.spec.ts:21:1 › заселить → карточка и шахматка показывают «заселён» → выселить; незаезд освобождает ячейку (26.5s)
  ✓   5 [isolated] › tests/e2e/chessboard-drag.spec.ts:26:1 › перетаскивание клетки брони на свободную койку той же категории переселяет с даты клетки (11.9s)
  ✓   7 [isolated] › tests/e2e/chessboard.spec.ts:13:1 › шахматка показывает 88 ячеек, и занятость на экране совпадает с данными (3.0s)
[WebServer] ⨯ Error: The destination stream closed early.
[WebServer]     at ignore-listed frames {
[WebServer]   digest: '2050700828'
[WebServer] }
[WebServer] ⨯ Error: The destination stream closed early.
[WebServer]     at ignore-listed frames {
[WebServer]   digest: '2050700828'
[WebServer] }
  ✓   8 [isolated] › tests/e2e/chessboard.spec.ts:36:1 › щелчок по занятой клетке — предпросмотр, двойной — карточка брони с проживаниями (7.0s)
  ✓   6 [isolated] › tests/e2e/chessboard-unassigned.spec.ts:29:1 › бронь без ячейки видна в блоке «Без ячейки» над сеткой, после отмены исчезает (21.0s)
[WebServer] ⨯ Error: The destination stream closed early.
[WebServer]     at ignore-listed frames {
[WebServer]   digest: '2050700828'
[WebServer] }
  ✓   9 [isolated] › tests/e2e/desk-day.spec.ts:16:1 › главная открывается с корня; заезд на дату виден в счётчике и в «Требуют внимания» (20.7s)
  ✓  10 [isolated] › tests/e2e/desk-edit.spec.ts:28:1 › групповая бронь на 2 койки → две клетки шахматки; правка заметок и источника, неизменное число гостей; ручное закрытие счёта (19.1s)
  ✓  11 [isolated] › tests/e2e/desk-tasks.spec.ts:28:1 › стойка: занятую койку не продать дважды, «+ 1 ночь» и переселение с пересчётом (13.6s)
  ✓  12 [isolated] › tests/e2e/finance.spec.ts:30:1 › счёт на проживание: начисления, оплата, возврат и сторно сходятся в баланс (16.3s)
  ✓  13 [isolated] › tests/e2e/full-day.spec.ts:27:1 › сутки гостя целиком: заезд, услуга на счёт, оплата, выезд — счёт сходится (13.6s)
  ✓  14 [isolated] › tests/e2e/incidents.spec.ts:76:1 › неисправность на экране: «Принято» — сторож больше не будит, «Решено» — закрыта вручную (3.3s)
  ✓  15 [isolated] › tests/e2e/inventory.spec.ts:4:1 › страница «Номерной фонд» показывает 88 единиц и сводку 16 / 72 / 92 (1.8s)
  ✓  17 [isolated] › tests/e2e/inventory.spec.ts:20:1 › фильтр по категории оставляет только её единицы (1.6s)
[WebServer] ⨯ Error: The destination stream closed early.
[WebServer]     at ignore-listed frames {
[WebServer]   digest: '2050700828'
[WebServer] }
[WebServer] ⨯ Error: The destination stream closed early.
[WebServer]     at ignore-listed frames {
[WebServer]   digest: '2050700828'
[WebServer] }
  ✓  18 [isolated] › tests/e2e/print-and-journal.spec.ts:5:1 › регистрационная карта печатается на RU и KZ; журнал показывает действия (6.7s)
  ✓  16 [isolated] › tests/e2e/manual-reservation.spec.ts:13:1 › создать бронь с ячейкой → видна в календаре → отменить → ячейка свободна (9.2s)
[WebServer] ⨯ Error: The destination stream closed early.
[WebServer]     at ignore-listed frames {
[WebServer]   digest: '2050700828'
[WebServer] }
  ✓  19 [isolated] › tests/e2e/print-forms.spec.ts:29:1 › договор и счёт печатаются на RU и KZ: номер брони, плашка заготовки, ссылки с карточки (27.6s)
  ✓  20 [isolated] › tests/e2e/stay-extras.spec.ts:25:1 › поздний выезд и ранний заезд начисляются на счёт как половина ночи (30.4s)
[WebServer] ⨯ Error: The destination stream closed early.
[WebServer]     at ignore-listed frames {
[WebServer]   digest: '2050700828'
[WebServer] }
[WebServer] ⨯ Error: The destination stream closed early.
[WebServer]     at ignore-listed frames {
[WebServer]   digest: '2050700828'
[WebServer] }
  ✓  21 [isolated] › tests/e2e/unit-blocks.spec.ts:28:1 › заблокировать свободную койку на 2 ночи → шахматка красит, свободных −1 → снять → как было; уборка (16.8s)
  ✓  22 [isolated] › tests/e2e/web-analytics.spec.ts:72:1 › три сессии двух посетителей доходят до приёмника и сходятся в отчёте (10.4s)
  ✓  23 [isolated] › tests/e2e/web-analytics.spec.ts:184:1 › настройки сайта: код с ключом, «Проверить счётчик» видит события (3.3s)
  ✓  24 [isolated] › tests/e2e/web-booking.spec.ts:48:1 › виджет: цены на завтра, бронь одноместной, номер, карточка в PMS с источником «сайт» (11.2s)
  ✓  25 [isolated] › tests/e2e/web-analytics.spec.ts:199:1 › демо-страница на адресе API: просмотры и клики доходят и видны в отчёте (8.1s)
  ✓  26 [isolated] › tests/e2e/web-booking.spec.ts:103:1 › аналитика: бронь связана с сессией счётчика — «брони с сайта» 1 (2.2s)
[уборка e2e] Броней автотестов с активными проживаниями: 0 (кандидатов по фамилии было 4)
  свежих, моложе 15 мин, оставлено: 4 — уберёт следующая уборка
Освобождено броней: 0
Блоков соседних ночей от тестовых броней: 0 — сняты
Блокировок от автотестов: 0 — сняты
Сайтов со счётчиком от автотестов: 0 — удалены

  26 passed (3.3m)
