[WebServer] (node:46995) Warning: The 'NO_COLOR' env is ignored due to the 'FORCE_COLOR' env being set.
[WebServer] (Use `node --trace-warnings ...` to show where the warning was created)
[WebServer] (node:47027) Warning: The 'NO_COLOR' env is ignored due to the 'FORCE_COLOR' env being set.
[WebServer] (Use `node --trace-warnings ...` to show where the warning was created)
[WebServer] (node:47033) Warning: The 'NO_COLOR' env is ignored due to the 'FORCE_COLOR' env being set.
[WebServer] (Use `node --trace-warnings ...` to show where the warning was created)
[WebServer] (node:47118) Warning: The 'NO_COLOR' env is ignored due to the 'FORCE_COLOR' env being set.
[WebServer] (Use `node --trace-warnings ...` to show where the warning was created)
[WebServer] (node:47170) Warning: The 'NO_COLOR' env is ignored due to the 'FORCE_COLOR' env being set.
[WebServer] (Use `node --trace-warnings ...` to show where the warning was created)
[WebServer] (node:47216) Warning: The 'NO_COLOR' env is ignored due to the 'FORCE_COLOR' env being set.
[WebServer] (Use `node --trace-warnings ...` to show where the warning was created)
[WebServer] ⚠ The "middleware" file convention is deprecated. Please use "proxy" instead.
[WebServer] 
[WebServer]   To migrate automatically, run:
[WebServer]   npx @next/codemod@canary middleware-to-proxy .
[WebServer] 
[WebServer]   Learn more: https://nextjs.org/docs/messages/middleware-to-proxy

Running 25 tests using 1 worker

(node:47278) Warning: The 'NO_COLOR' env is ignored due to the 'FORCE_COLOR' env being set.
(Use `node --trace-warnings ...` to show where the warning was created)
[WebServer] (node:47295) Warning: The 'NO_COLOR' env is ignored due to the 'FORCE_COLOR' env being set.
[WebServer] (Use `node --trace-warnings ...` to show where the warning was created)
  ✓   1 tests/ui/booking-cancellation-reasons.spec.ts:9:1 › единая отмена предлагает незаезд как причину и сохраняет статус (5.1s)
[WebServer] (node:47311) Warning: The 'NO_COLOR' env is ignored due to the 'FORCE_COLOR' env being set.
[WebServer] (Use `node --trace-warnings ...` to show where the warning was created)
[WebServer] ⨯ Error: The destination stream closed early.
[WebServer]     at ignore-listed frames {
[WebServer]   digest: '739557167'
[WebServer] }
[WebServer] (node:47384) Warning: The 'NO_COLOR' env is ignored due to the 'FORCE_COLOR' env being set.
[WebServer] (Use `node --trace-warnings ...` to show where the warning was created)
[WebServer] (node:47385) Warning: The 'NO_COLOR' env is ignored due to the 'FORCE_COLOR' env being set.
[WebServer] (Use `node --trace-warnings ...` to show where the warning was created)
  ✓   2 tests/ui/booking-cancellation-reasons.spec.ts:34:1 › закрытие окна отмены сохраняет бронь, подтверждение отменяет (3.9s)
[WebServer] (node:47390) Warning: The 'NO_COLOR' env is ignored due to the 'FORCE_COLOR' env being set.
[WebServer] (Use `node --trace-warnings ...` to show where the warning was created)
[WebServer] (node:47391) Warning: The 'NO_COLOR' env is ignored due to the 'FORCE_COLOR' env being set.
[WebServer] (Use `node --trace-warnings ...` to show where the warning was created)
[WebServer] ⨯ Error: The destination stream closed early.
[WebServer]     at ignore-listed frames {
[WebServer]   digest: '739557167'
[WebServer] }
  ✓   3 tests/ui/booking-money-confirmation.spec.ts:9:1 › оплата в карточке требует проверки и подтверждения (2.1s)
[WebServer] (node:47395) Warning: The 'NO_COLOR' env is ignored due to the 'FORCE_COLOR' env being set.
[WebServer] (Use `node --trace-warnings ...` to show where the warning was created)
[WebServer] (node:47397) Warning: The 'NO_COLOR' env is ignored due to the 'FORCE_COLOR' env being set.
[WebServer] (Use `node --trace-warnings ...` to show where the warning was created)
  ✓   4 tests/ui/booking-money-confirmation.spec.ts:40:1 › возврат требует подтверждения и сохраняет результат (1.9s)
[WebServer] ⨯ Error: The destination stream closed early.
[WebServer]     at ignore-listed frames {
[WebServer]   digest: '739557167'
[WebServer] }
  ✓   5 tests/ui/booking-money-confirmation.spec.ts:73:1 › синтетический API: общий платёж возвращается по выбранному счёту с отдельным лимитом (53ms)
  ✓   6 tests/ui/booking-status-confirmation.spec.ts:8:3 › calendar: заселение требует подтверждения, отказ сохраняет статус (3.8s)
[WebServer] (node:47513) Warning: The 'NO_COLOR' env is ignored due to the 'FORCE_COLOR' env being set.
[WebServer] (Use `node --trace-warnings ...` to show where the warning was created)
  ✓   7 tests/ui/booking-status-confirmation.spec.ts:8:3 › card: заселение требует подтверждения, отказ сохраняет статус (2.3s)
[WebServer] (node:47536) Warning: The 'NO_COLOR' env is ignored due to the 'FORCE_COLOR' env being set.
[WebServer] (Use `node --trace-warnings ...` to show where the warning was created)
  ✓   8 tests/ui/chessboard-compact-screen.spec.ts:42:1 › ноутбук 1366×768: восемь строк мест видны целиком, страница не прокручивается (1.2s)
  ✓   9 tests/ui/chessboard-compact-screen.spec.ts:60:1 › свёрнутые категории переживают перезагрузку и разворачиваются (2.1s)
  ✓  10 tests/ui/chessboard-compact-screen.spec.ts:72:1 › без сохранённого выбора вид «Компактный», сохранённый «Обычный» и «Подробный» восстанавливаются (3.8s)
[WebServer] (node:47656) Warning: The 'NO_COLOR' env is ignored due to the 'FORCE_COLOR' env being set.
[WebServer] (Use `node --trace-warnings ...` to show where the warning was created)
[WebServer] (node:47657) Warning: The 'NO_COLOR' env is ignored due to the 'FORCE_COLOR' env being set.
[WebServer] (Use `node --trace-warnings ...` to show where the warning was created)
  ✓  11 tests/ui/finance-card-actions.spec.ts:34:1 › порядок: «Принять оплату» первой, затем проживание и услуги, затем оплаты; запросы оплаты свёрнуты ниже (1.2s)
[WebServer] (node:47661) Warning: The 'NO_COLOR' env is ignored due to the 'FORCE_COLOR' env being set.
[WebServer] (Use `node --trace-warnings ...` to show where the warning was created)
[WebServer] (node:47663) Warning: The 'NO_COLOR' env is ignored due to the 'FORCE_COLOR' env being set.
[WebServer] (Use `node --trace-warnings ...` to show where the warning was created)
  ✓  12 tests/ui/finance-card-actions.spec.ts:59:1 › возврат кнопкой «Вернуть»: форма с остатком платежа по умолчанию, после возврата строка и баланс обновлены (1.8s)
[WebServer] (node:47667) Warning: The 'NO_COLOR' env is ignored due to the 'FORCE_COLOR' env being set.
[WebServer] (Use `node --trace-warnings ...` to show where the warning was created)
[WebServer] (node:47668) Warning: The 'NO_COLOR' env is ignored due to the 'FORCE_COLOR' env being set.
[WebServer] (Use `node --trace-warnings ...` to show where the warning was created)
[WebServer] (node:47669) Warning: The 'NO_COLOR' env is ignored due to the 'FORCE_COLOR' env being set.
[WebServer] (Use `node --trace-warnings ...` to show where the warning was created)
  ✓  13 tests/ui/finance-card-actions.spec.ts:82:1 › «Изменить» платёж: панель справа, новый способ и сумма; прежний остаётся аннулированным (1.7s)
[WebServer] (node:47673) Warning: The 'NO_COLOR' env is ignored due to the 'FORCE_COLOR' env being set.
[WebServer] (Use `node --trace-warnings ...` to show where the warning was created)
[WebServer] (node:47675) Warning: The 'NO_COLOR' env is ignored due to the 'FORCE_COLOR' env being set.
[WebServer] (Use `node --trace-warnings ...` to show where the warning was created)
  ✓  14 tests/ui/finance-card-actions.spec.ts:106:1 › «Аннулировать» платёж: вопрос с суммой, строка остаётся аннулированной, остаток к оплате вырос (1.2s)
[WebServer] (node:47679) Warning: The 'NO_COLOR' env is ignored due to the 'FORCE_COLOR' env being set.
[WebServer] (Use `node --trace-warnings ...` to show where the warning was created)
[WebServer] (node:47701) Warning: The 'NO_COLOR' env is ignored due to the 'FORCE_COLOR' env being set.
[WebServer] (Use `node --trace-warnings ...` to show where the warning was created)
[WebServer] (node:47746) Warning: The 'NO_COLOR' env is ignored due to the 'FORCE_COLOR' env being set.
[WebServer] (Use `node --trace-warnings ...` to show where the warning was created)
  ✓  15 tests/ui/finance-card-actions.spec.ts:129:1 › скидка 10 % от проживания ложится отдельной строкой со знаком минус; сумма скидки — тоже (1.7s)
[WebServer] (node:47761) Warning: The 'NO_COLOR' env is ignored due to the 'FORCE_COLOR' env being set.
[WebServer] (Use `node --trace-warnings ...` to show where the warning was created)
[WebServer] (node:47781) Warning: The 'NO_COLOR' env is ignored due to the 'FORCE_COLOR' env being set.
[WebServer] (Use `node --trace-warnings ...` to show where the warning was created)
  ✓  16 tests/ui/finance-card-actions.spec.ts:155:1 › цена проживания: «Изменить цену» у строки проживания, новая цена в счёте и в шапке брони (1.5s)
[WebServer] (node:47815) Warning: The 'NO_COLOR' env is ignored due to the 'FORCE_COLOR' env being set.
[WebServer] (Use `node --trace-warnings ...` to show where the warning was created)
[WebServer] (node:47817) Warning: The 'NO_COLOR' env is ignored due to the 'FORCE_COLOR' env being set.
[WebServer] (Use `node --trace-warnings ...` to show where the warning was created)
[WebServer] (node:47847) Warning: The 'NO_COLOR' env is ignored due to the 'FORCE_COLOR' env being set.
[WebServer] (Use `node --trace-warnings ...` to show where the warning was created)
  ✓  17 tests/ui/finance-card-actions.spec.ts:174:1 › администратор: оплату принимает, но без «Вернуть», «Изменить», «Аннулировать» и скидки; у управляющего они есть (5.2s)
[WebServer] Error: aborted
[WebServer]     at ignore-listed frames {
[WebServer]   code: 'ECONNRESET'
[WebServer] }
[WebServer] ⨯ uncaughtException: Error: aborted
[WebServer]     at ignore-listed frames {
[WebServer]   code: 'ECONNRESET'
[WebServer] }
[WebServer] ⨯ uncaughtException:  Error: aborted
[WebServer]     at ignore-listed frames {
[WebServer]   code: 'ECONNRESET'
[WebServer] }
[WebServer] ⨯ Error: The destination stream closed early.
[WebServer]     at ignore-listed frames {
[WebServer]   digest: '739557167'
[WebServer] }
[WebServer] (node:47848) Warning: The 'NO_COLOR' env is ignored due to the 'FORCE_COLOR' env being set.
[WebServer] (Use `node --trace-warnings ...` to show where the warning was created)
[WebServer] (node:47856) Warning: The 'NO_COLOR' env is ignored due to the 'FORCE_COLOR' env being set.
[WebServer] (Use `node --trace-warnings ...` to show where the warning was created)
[WebServer] (node:47864) Warning: The 'NO_COLOR' env is ignored due to the 'FORCE_COLOR' env being set.
[WebServer] (Use `node --trace-warnings ...` to show where the warning was created)
  ✓  18 tests/ui/finance-card-actions.spec.ts:199:5 › доступность «Счетов» с возвратом и панелью правки платежа: light, 1440px (5.5s)
[WebServer] (node:47877) Warning: The 'NO_COLOR' env is ignored due to the 'FORCE_COLOR' env being set.
[WebServer] (Use `node --trace-warnings ...` to show where the warning was created)
[WebServer] (node:47890) Warning: The 'NO_COLOR' env is ignored due to the 'FORCE_COLOR' env being set.
[WebServer] (Use `node --trace-warnings ...` to show where the warning was created)
  ✓  19 tests/ui/finance-card-actions.spec.ts:199:5 › доступность «Счетов» с возвратом и панелью правки платежа: light, 390px (6.8s)
[WebServer] (node:47932) Warning: The 'NO_COLOR' env is ignored due to the 'FORCE_COLOR' env being set.
[WebServer] (Use `node --trace-warnings ...` to show where the warning was created)
  ✓  20 tests/ui/finance-card-actions.spec.ts:199:5 › доступность «Счетов» с возвратом и панелью правки платежа: dark, 1440px (5.0s)
[WebServer] (node:47957) Warning: The 'NO_COLOR' env is ignored due to the 'FORCE_COLOR' env being set.
[WebServer] (Use `node --trace-warnings ...` to show where the warning was created)
  ✓  21 tests/ui/finance-card-actions.spec.ts:199:5 › доступность «Счетов» с возвратом и панелью правки платежа: dark, 390px (4.6s)
  ✓  22 tests/ui/preview-money-confirmation.spec.ts:9:1 › календарь: оплата без перехода и отказ от незавершённого ввода (3.1s)
  ✓  23 tests/ui/preview-money-confirmation.spec.ts:54:1 › телефон: возврат в календаре проверяет платёж и подтверждает сумму (3.7s)
  ✓  24 tests/ui/preview-money-confirmation.spec.ts:98:1 › закрытие незавершённого ввода ничего не проводит (3.4s)
  ✓  25 tests/ui/preview-money-confirmation.spec.ts:130:1 › проведённая оплата остаётся видна при ошибке обновления счёта (1.9s)
[WebServer] ⨯ Error: The destination stream closed early.
[WebServer]     at ignore-listed frames {
[WebServer]   digest: '739557167'
[WebServer] }

  25 passed (1.4m)
