[WebServer] (node:44554) Warning: The 'NO_COLOR' env is ignored due to the 'FORCE_COLOR' env being set.
[WebServer] (Use `node --trace-warnings ...` to show where the warning was created)
[WebServer] (node:44587) Warning: The 'NO_COLOR' env is ignored due to the 'FORCE_COLOR' env being set.
[WebServer] (Use `node --trace-warnings ...` to show where the warning was created)
[WebServer] (node:44588) Warning: The 'NO_COLOR' env is ignored due to the 'FORCE_COLOR' env being set.
[WebServer] (Use `node --trace-warnings ...` to show where the warning was created)
[WebServer] (node:44594) Warning: The 'NO_COLOR' env is ignored due to the 'FORCE_COLOR' env being set.
[WebServer] (Use `node --trace-warnings ...` to show where the warning was created)
[WebServer] (node:44629) Warning: The 'NO_COLOR' env is ignored due to the 'FORCE_COLOR' env being set.
[WebServer] (Use `node --trace-warnings ...` to show where the warning was created)
[WebServer] (node:44635) Warning: The 'NO_COLOR' env is ignored due to the 'FORCE_COLOR' env being set.
[WebServer] (Use `node --trace-warnings ...` to show where the warning was created)
[WebServer] ⚠ The "middleware" file convention is deprecated. Please use "proxy" instead.
[WebServer] 
[WebServer]   To migrate automatically, run:
[WebServer]   npx @next/codemod@canary middleware-to-proxy .
[WebServer] 
[WebServer]   Learn more: https://nextjs.org/docs/messages/middleware-to-proxy

Running 25 tests using 1 worker

(node:44668) Warning: The 'NO_COLOR' env is ignored due to the 'FORCE_COLOR' env being set.
(Use `node --trace-warnings ...` to show where the warning was created)
  ✓   1 tests/ui/booking-status-confirmation.spec.ts:8:3 › calendar: заселение требует подтверждения, отказ сохраняет статус (2.4s)
[WebServer] (node:45027) Warning: The 'NO_COLOR' env is ignored due to the 'FORCE_COLOR' env being set.
[WebServer] (Use `node --trace-warnings ...` to show where the warning was created)
[WebServer] (node:45035) Warning: The 'NO_COLOR' env is ignored due to the 'FORCE_COLOR' env being set.
[WebServer] (Use `node --trace-warnings ...` to show where the warning was created)
  ✓   2 tests/ui/booking-status-confirmation.spec.ts:8:3 › card: заселение требует подтверждения, отказ сохраняет статус (1.5s)
  ✓   3 tests/ui/chessboard-calendar.spec.ts:12:1 › календарь: заголовок, сводка дня и быстрые действия (1.4s)
  ✓   4 tests/ui/chessboard-calendar.spec.ts:49:1 › ?stays=debt включает существующий фильтр «С долгом» — «Неоплаченные» одной ссылкой (893ms)
[WebServer] [browser] A tree hydrated but some attributes of the server rendered HTML didn't match the client properties. This won't be patched up. This can happen if a SSR-ed Client Component used:
[WebServer] 
[WebServer] - A server/client branch `if (typeof window !== 'undefined')`.
[WebServer] - Variable input such as `Date.now()` or `Math.random()` which changes each time it's called.
[WebServer] - Date formatting in a user's locale which doesn't match the server.
[WebServer] - External changing data without sending a snapshot of it along with the HTML.
[WebServer] - Invalid HTML tag nesting.
[WebServer] 
[WebServer] It can also happen if the client has a browser extension installed which messes with the HTML before React loaded.
[WebServer] 
[WebServer] https://react.dev/link/hydration-mismatch
[WebServer] 
[WebServer]   ...
[WebServer]     <RedirectBoundary>
[WebServer]       <RedirectErrorBoundary router={{...}}>
[WebServer]         <InnerLayoutRouter url="/chessboard" tree={[...]} params={{}} cacheNode={{rsc:{...}, ...}} segmentPath={[...]} ...>
[WebServer]           <SegmentViewNode type="page" pagePath="chessboard...">
[WebServer]             <SegmentTrieNode>
[WebServer]             <ChessboardPage>
[WebServer]               <Page>
[WebServer]                 <main id="main-content" tabIndex={-1} className="page page-...">
[WebServer]                   <header>
[WebServer]                   <CalendarWorkspace summary={<section>}>
[WebServer]                     <div ref={{current:null}} className="calendar-w..." data-expanded={false}>
[WebServer]                       <div className="calendar-w...">
[WebServer]                         ...
[WebServer]                           <form id="_R_52uatpe..." method="get" className="board-rang...">
[WebServer]                             <label className="field fiel...">
[WebServer]                               <span>
[WebServer]                               <DateInput name="from" defaultValue="2026-10-05" aria-label="Календарь: с">
[WebServer]                                 <span className="date-field">
[WebServer]                                   <input
[WebServer]                                     ref={{current:null}}
[WebServer]                                     type="date"
[WebServer]                                     className="inp date-field__input"
[WebServer]                                     id={undefined}
[WebServer]                                     name="from"
[WebServer]                                     defaultValue="2026-10-05"
[WebServer]                                     aria-label="Календарь: с"
[WebServer] -                                   style={{caret-color:"transparent"}}
[WebServer]                                   >
[WebServer]                                   ...
[WebServer]                             <label className="field fiel...">
[WebServer]                               <span>
[WebServer]                               <DateInput name="to" rangeFromName="from" defaultValue="2026-10-11" ...>
[WebServer]                                 <span className="date-field">
[WebServer]                                   <input
[WebServer]                                     ref={{current:null}}
[WebServer]                                     type="date"
[WebServer]                                     className="inp date-field__input"
[WebServer]                                     id={undefined}
[WebServer]                                     name="to"
[WebServer]                                     defaultValue="2026-10-11"
[WebServer]                                     aria-label="Календарь: по"
[WebServer] -                                   style={{caret-color:"transparent"}}
[WebServer]                                   >
[WebServer]                                   ...
[WebServer]                             ...
[WebServer]                         <UnassignedStays>
[WebServer]                         <ChessboardGrid board={{from:"2026...", ...}} today="2026-10-08" fitMonth={false} ...>
[WebServer]                           <div className="board-toolbar">
[WebServer]                             <label className="board-sear...">
[WebServer]                               <span>
[WebServer]                               <Input type="search" aria-label="Поиск в ка..." placeholder="Гость, тел..." ...>
[WebServer]                                 <input
[WebServer]                                   className="inp"
[WebServer]                                   type="search"
[WebServer]                                   aria-label="Поиск в календаре"
[WebServer]                                   placeholder="Гость, телефон, бронь, номер, койка"
[WebServer]                                   data-page-search=""
[WebServer]                                   value=""
[WebServer]                                   onChange={function onChange}
[WebServer]                                   onKeyDown={function onKeyDown}
[WebServer] -                                 style={{caret-color:"transparent"}}
[WebServer]                                 >
[WebServer]                             ...
[WebServer]                           ...
[WebServer]                         ...
[WebServer]                       ...
[WebServer]           ...
[WebServer]         ...
[WebServer]  
  ✓   5 tests/ui/chessboard-calendar.spec.ts:62:3 › гейт «Календарь»: light (1.8s)
  ✓   6 tests/ui/chessboard-calendar.spec.ts:62:3 › гейт «Календарь»: dark (1.6s)
  ✓   7 tests/ui/chessboard-calendar.spec.ts:75:1 › пустая клетка не дублирует дату из шапки календаря (1.2s)
  ✓   8 tests/ui/chessboard-calendar.spec.ts:83:1 › даты в шапке не повторяют свободные и занятые места (1.1s)
[WebServer] (node:45068) Warning: The 'NO_COLOR' env is ignored due to the 'FORCE_COLOR' env being set.
[WebServer] (Use `node --trace-warnings ...` to show where the warning was created)
[WebServer] (node:45072) Warning: The 'NO_COLOR' env is ignored due to the 'FORCE_COLOR' env being set.
[WebServer] (Use `node --trace-warnings ...` to show where the warning was created)
[WebServer] (node:45073) Warning: The 'NO_COLOR' env is ignored due to the 'FORCE_COLOR' env being set.
[WebServer] (Use `node --trace-warnings ...` to show where the warning was created)
  ✓   9 tests/ui/payment-draft.spec.ts:10:3 › обновление счёта сохраняет введённые сумму и примечание (1.8s)
[WebServer] (node:45076) Warning: The 'NO_COLOR' env is ignored due to the 'FORCE_COLOR' env being set.
[WebServer] (Use `node --trace-warnings ...` to show where the warning was created)
[WebServer] (node:45077) Warning: The 'NO_COLOR' env is ignored due to the 'FORCE_COLOR' env being set.
[WebServer] (Use `node --trace-warnings ...` to show where the warning was created)
  ✓  10 tests/ui/payment-draft.spec.ts:10:3 › обновление счёта обновляет сумму, если её ещё не вводили (1.5s)
[WebServer] (node:45081) Warning: The 'NO_COLOR' env is ignored due to the 'FORCE_COLOR' env being set.
[WebServer] (Use `node --trace-warnings ...` to show where the warning was created)
[WebServer] (node:45106) Warning: The 'NO_COLOR' env is ignored due to the 'FORCE_COLOR' env being set.
[WebServer] (Use `node --trace-warnings ...` to show where the warning was created)
  ✓  11 tests/ui/payment-draft.spec.ts:68:1 › оплата D3: строка сути называет сумму, способ, счёт и бронь; не число не уходит (1.4s)
  ✓  12 tests/ui/quality.spec.ts:7:1 › неверные параметры списка броней оставляют доступные фильтры и понятную ошибку (2.1s)
  ✓  13 tests/ui/quality.spec.ts:18:1 › короткий поиск гостей объясняет минимум символов (1.1s)
  ✓  14 tests/ui/quality.spec.ts:23:1 › повторяющиеся параметры поиска не обрушивают гости и журнал (1.5s)
[WebServer] (node:47140) Warning: The 'NO_COLOR' env is ignored due to the 'FORCE_COLOR' env being set.
[WebServer] (Use `node --trace-warnings ...` to show where the warning was created)
  ✓  15 tests/ui/quality.spec.ts:30:1 › операция проживания блокирует повторное нажатие до ответа сервера (1.5s)
[WebServer] (node:47350) Warning: The 'NO_COLOR' env is ignored due to the 'FORCE_COLOR' env being set.
[WebServer] (Use `node --trace-warnings ...` to show where the warning was created)
[WebServer] ⨯ Error: The destination stream closed early.
[WebServer]     at ignore-listed frames {
[WebServer]   digest: '739557167'
[WebServer] }
[WebServer] (node:47406) Warning: The 'NO_COLOR' env is ignored due to the 'FORCE_COLOR' env being set.
[WebServer] (Use `node --trace-warnings ...` to show where the warning was created)
[WebServer] (node:47637) Warning: The 'NO_COLOR' env is ignored due to the 'FORCE_COLOR' env being set.
[WebServer] (Use `node --trace-warnings ...` to show where the warning was created)
[WebServer] (node:47787) Warning: The 'NO_COLOR' env is ignored due to the 'FORCE_COLOR' env being set.
[WebServer] (Use `node --trace-warnings ...` to show where the warning was created)
  ✓  16 tests/ui/quality.spec.ts:57:1 › отказ оплаты сохраняет введённую сумму, способ и примечание (2.1s)
  ✓  17 tests/ui/quality.spec.ts:80:1 › ошибочные даты шахматки оставляют форму исправления (870ms)
[WebServer] (node:48171) Warning: The 'NO_COLOR' env is ignored due to the 'FORCE_COLOR' env being set.
[WebServer] (Use `node --trace-warnings ...` to show where the warning was created)
[WebServer] (node:48276) Warning: The 'NO_COLOR' env is ignored due to the 'FORCE_COLOR' env being set.
[WebServer] (Use `node --trace-warnings ...` to show where the warning was created)
[WebServer] (node:48465) Warning: The 'NO_COLOR' env is ignored due to the 'FORCE_COLOR' env being set.
[WebServer] (Use `node --trace-warnings ...` to show where the warning was created)
  ✓  18 tests/ui/quality.spec.ts:88:1 › список гостей и вторая бронь открывают собственные карточки (3.3s)
[WebServer] (node:48594) Warning: The 'NO_COLOR' env is ignored due to the 'FORCE_COLOR' env being set.
[WebServer] (Use `node --trace-warnings ...` to show where the warning was created)
[WebServer] (node:48700) Warning: The 'NO_COLOR' env is ignored due to the 'FORCE_COLOR' env being set.
[WebServer] (Use `node --trace-warnings ...` to show where the warning was created)
[WebServer] (node:48751) Warning: The 'NO_COLOR' env is ignored due to the 'FORCE_COLOR' env being set.
[WebServer] (Use `node --trace-warnings ...` to show where the warning was created)
  ✓  19 tests/ui/quality.spec.ts:104:1 › медленная финансовая команда блокирует повтор и соседнюю оплату (1.4s)
[WebServer] (node:49194) Warning: The 'NO_COLOR' env is ignored due to the 'FORCE_COLOR' env being set.
[WebServer] (Use `node --trace-warnings ...` to show where the warning was created)
[WebServer] (node:49574) Warning: The 'NO_COLOR' env is ignored due to the 'FORCE_COLOR' env being set.
[WebServer] (Use `node --trace-warnings ...` to show where the warning was created)
  ✓  20 tests/ui/quality.spec.ts:129:1 › изменение уборки относится только к выбранному номеру (3.3s)
  ✓  21 tests/ui/quality.spec.ts:143:1 › неподключённые внешние демо не ведут на несуществующие страницы (2.7s)
[WebServer] (node:50180) Warning: The 'NO_COLOR' env is ignored due to the 'FORCE_COLOR' env being set.
[WebServer] (Use `node --trace-warnings ...` to show where the warning was created)
[WebServer] (node:50305) Warning: The 'NO_COLOR' env is ignored due to the 'FORCE_COLOR' env being set.
[WebServer] (Use `node --trace-warnings ...` to show where the warning was created)
  ✓  22 tests/ui/quality.spec.ts:186:3 › отказ API сохраняет поля: профиль гостя (1.4s)
[WebServer] (node:50328) Warning: The 'NO_COLOR' env is ignored due to the 'FORCE_COLOR' env being set.
[WebServer] (Use `node --trace-warnings ...` to show where the warning was created)
  ✓  23 tests/ui/quality.spec.ts:186:3 › отказ API сохраняет поля: документ гостя (1.3s)
[WebServer] (node:50519) Warning: The 'NO_COLOR' env is ignored due to the 'FORCE_COLOR' env being set.
[WebServer] (Use `node --trace-warnings ...` to show where the warning was created)
[WebServer] (node:50628) Warning: The 'NO_COLOR' env is ignored due to the 'FORCE_COLOR' env being set.
[WebServer] (Use `node --trace-warnings ...` to show where the warning was created)
[WebServer] (node:50736) Warning: The 'NO_COLOR' env is ignored due to the 'FORCE_COLOR' env being set.
[WebServer] (Use `node --trace-warnings ...` to show where the warning was created)
  ✓  24 tests/ui/quality.spec.ts:186:3 › отказ API сохраняет поля: блокировка номера (1.3s)
  ✓  25 tests/ui/quality.spec.ts:186:3 › отказ API сохраняет поля: сайт аналитики (1.2s)

  25 passed (48.9s)
