........................................................                 [100%]
=============================== warnings summary ===============================
tests/test_telegram_channel.py: 6 warnings
tests/test_telegram_storage.py: 1 warning
tests/test_telegram_worker.py: 2 warnings
tests/test_whatsapp.py: 8 warnings
tests/test_agent_scope.py: 27 warnings
  /usr/local/lib/python3.13/contextlib.py:148: SAWarning: Table '_alembic_tmp_whatsapp_connections' specifies columns 'organization_id' as primary_key=True, not matching locally specified columns 'agent_id'; setting the current primary key columns to 'agent_id'. This warning may become an exception in a future release
    next(self.gen)

tests/test_telegram_channel.py: 6 warnings
tests/test_telegram_storage.py: 1 warning
tests/test_telegram_worker.py: 2 warnings
tests/test_whatsapp.py: 8 warnings
tests/test_agent_scope.py: 27 warnings
  /usr/local/lib/python3.13/contextlib.py:148: SAWarning: Table '_alembic_tmp_whatsapp_connections' specifies columns 'organization_id', 'agent_id' as primary_key=True, not matching locally specified columns 'agent_id'; setting the current primary key columns to 'agent_id'. This warning may become an exception in a future release
    next(self.gen)

tests/test_whatsapp.py::test_a_message_becomes_a_dialog_and_the_reply_goes_to_graph
  /qa/src/knowledge/embedder.py:50: FutureWarning: The `get_sentence_embedding_dimension` method has been renamed to `get_embedding_dimension`.
    self.dim = self._model.get_sentence_embedding_dimension()

-- Docs: https://docs.pytest.org/en/stable/how-to/capture-warnings.html
56 passed, 89 warnings in 29.46s
