
> @pms/web@0.0.0 build
> next build

▲ Next.js 16.3.4 (Turbopack)
✓ Running next.config.ts took 133ms
- Experiments (use with caution):
  · serverActions

⚠ The "middleware" file convention is deprecated. Please use "proxy" instead.

  To migrate automatically, run:
  npx @next/codemod@canary middleware-to-proxy .

  Learn more: https://nextjs.org/docs/messages/middleware-to-proxy
  Creating an optimized production build ...
✓ Compiled successfully in 1394ms
  Running TypeScript ...
  Finished TypeScript in 2.4s ...
  Collecting page data using 7 workers ...
  Generating static pages using 7 workers (0/27) ...
  Generating static pages using 7 workers (6/27) 
  Generating static pages using 7 workers (13/27) 
  Generating static pages using 7 workers (20/27) 
✓ Generating static pages using 7 workers (27/27) in 568ms
  Finalizing page optimization ...

Route (app)
┌ ƒ /
├ ƒ /_not-found
├ ƒ /(.)reservations/[number]
├ ƒ /(.)reservations/new
├ ƒ /[...catchAll]
├ ƒ /analytics
├ ƒ /analytics/setup
├ ƒ /api/freshness
├ ƒ /channel-manager
├ ƒ /channels
├ ƒ /channels/events/[revisionId]
├ ƒ /chessboard
├ ƒ /connections
├ ○ /design-system
├ ƒ /finance
├ ƒ /guests
├ ƒ /guests/[id]
├ ƒ /hotel-settings/[[...section]]
├ ○ /icon.svg
├ ƒ /incidents
├ ƒ /inventory
├ ƒ /invite/[token]
├ ƒ /journal
├ ƒ /login
├ ƒ /login/reset
├ ƒ /login/set-password
├ ƒ /management/[[...section]]
├ ƒ /profile
├ ƒ /rates
├ ƒ /register
├ ƒ /reservations
├ ƒ /reservations/[number]
├ ƒ /reservations/[number]/print
├ ƒ /reservations/[number]/print/contract
├ ƒ /reservations/[number]/print/invoice
├ ƒ /reservations/new
├ ƒ /rooms/[[...section]]
├ ƒ /today
└ ƒ /units/[code]


ƒ Proxy (Middleware)

○  (Static)   prerendered as static content
ƒ  (Dynamic)  server-rendered on demand

