
> pms-lux@0.0.0 test:record
> tsx tests/tools/cli-record.ts e2e --config tests/ui/playwright.config.ts --workers=1 tests/ui/chessboard-calendar.spec.ts tests/ui/chessboard-mobile.spec.ts tests/ui/search-filter-recovery.spec.ts --note Calendar reset GREEN unchanged zero assertion and exact search dates

▶ Сквозные (e2e) — нужно: dev-БД, API :3001 и стойка :3000 (Playwright поднимает сам или берёт уже запущенные)
  npx playwright test --workers=2 --reporter=list,json '--config' 'tests/ui/playwright.config.ts' '--workers=1' 'tests/ui/chessboard-calendar.spec.ts' 'tests/ui/chessboard-mobile.spec.ts' 'tests/ui/search-filter-recovery.spec.ts'

[WebServer] (node:285) Warning: The 'NO_COLOR' env is ignored due to the 'FORCE_COLOR' env being set.
[WebServer] (Use `node --trace-warnings ...` to show where the warning was created)
[WebServer] (node:312) Warning: The 'NO_COLOR' env is ignored due to the 'FORCE_COLOR' env being set.
[WebServer] (Use `node --trace-warnings ...` to show where the warning was created)
[WebServer] (node:313) Warning: The 'NO_COLOR' env is ignored due to the 'FORCE_COLOR' env being set.
[WebServer] (Use `node --trace-warnings ...` to show where the warning was created)
[WebServer] (node:314) Warning: The 'NO_COLOR' env is ignored due to the 'FORCE_COLOR' env being set.
[WebServer] (Use `node --trace-warnings ...` to show where the warning was created)
[WebServer] (node:340) Warning: The 'NO_COLOR' env is ignored due to the 'FORCE_COLOR' env being set.
[WebServer] (Use `node --trace-warnings ...` to show where the warning was created)
[WebServer] (node:341) Warning: The 'NO_COLOR' env is ignored due to the 'FORCE_COLOR' env being set.
[WebServer] (Use `node --trace-warnings ...` to show where the warning was created)
[WebServer] ⚠ The "middleware" file convention is deprecated. Please use "proxy" instead.
[WebServer] 
[WebServer]   To migrate automatically, run:
[WebServer]   npx @next/codemod@canary middleware-to-proxy .
[WebServer] 
[WebServer]   Learn more: https://nextjs.org/docs/messages/middleware-to-proxy
[WebServer] (node:382) Warning: The 'NO_COLOR' env is ignored due to the 'FORCE_COLOR' env being set.
[WebServer] (Use `node --trace-warnings ...` to show where the warning was created)
[WebServer] (node:383) Warning: The 'NO_COLOR' env is ignored due to the 'FORCE_COLOR' env being set.
[WebServer] (Use `node --trace-warnings ...` to show where the warning was created)

Running 42 tests using 1 worker

(node:395) Warning: The 'NO_COLOR' env is ignored due to the 'FORCE_COLOR' env being set.
(Use `node --trace-warnings ...` to show where the warning was created)
  ✓   1 tests/ui/chessboard-calendar.spec.ts:12:1 › календарь: заголовок, сводка дня и быстрые действия (2.6s)
  ✓   2 tests/ui/chessboard-calendar.spec.ts:45:1 › ?stays=debt включает существующий фильтр «С долгом» — «Неоплаченные» одной ссылкой (1.4s)
[WebServer] [browser] A tree hydrated but some attributes of the server rendered HTML didn't match the client properties. This won't be patched up. This can happen if a SSR-ed Client Component used:
[WebServer] 
[WebServer] - A server/client branch `if (typeof window !== 'undefined')`.
[WebServer] - Variable input such as `Date.now()` or `Math.random()` which changes each time it's called.
[WebServer] - Date formatting in a user's locale which doesn't match the server.
[WebServer] - External changing data without sending a snapshot of it along with the HTML.
[WebServer] - Invalid HTML tag nesting.
[WebServer] 
[WebServer] It can also happen if the client has a browser extension installed which messes with the HTML before React loaded.
[WebServer] 
[WebServer] https://react.dev/link/hydration-mismatch
[WebServer] 
[WebServer]   ...
[WebServer]     <ErrorBoundary errorComponent={undefined} errorStyles={undefined} errorScripts={undefined}>
[WebServer]       <LoadingBoundary name="chessboard/" loading={null}>
[WebServer]         <HTTPAccessFallbackBoundary notFound={undefined} forbidden={undefined} unauthorized={undefined}>
[WebServer]           <RedirectBoundary>
[WebServer]             <RedirectErrorBoundary router={{...}}>
[WebServer]               <InnerLayoutRouter url="/chessboard" tree={[...]} params={{}} cacheNode={{rsc:{...}, ...}} ...>
[WebServer]                 <SegmentViewNode type="page" pagePath="chessboard...">
[WebServer]                   <SegmentTrieNode>
[WebServer]                   <ChessboardPage>
[WebServer]                     <Page>
[WebServer]                       <main id="main-content" tabIndex={-1} className="page page-...">
[WebServer]                         <header>
[WebServer]                         ...
[WebServer]                           <form id="_R_38uatpe..." method="get" className="board-rang...">
[WebServer]                             <label className="field fiel...">
[WebServer]                               <span>
[WebServer]                               <DateInput name="from" defaultValue="2026-10-05" aria-label="Календарь: с">
[WebServer]                                 <span className="date-field">
[WebServer]                                   <input
[WebServer]                                     ref={{current:null}}
[WebServer]                                     type="date"
[WebServer]                                     className="inp date-field__input"
[WebServer]                                     id={undefined}
[WebServer]                                     name="from"
[WebServer]                                     defaultValue="2026-10-05"
[WebServer]                                     aria-label="Календарь: с"
[WebServer] -                                   style={{caret-color:"transparent"}}
[WebServer]                                   >
[WebServer]                                   ...
[WebServer]                             <label className="field fiel...">
[WebServer]                               <span>
[WebServer]                               <DateInput name="to" rangeFromName="from" defaultValue="2026-10-11" ...>
[WebServer]                                 <span className="date-field">
[WebServer]                                   <input
[WebServer]                                     ref={{current:null}}
[WebServer]                                     type="date"
[WebServer]                                     className="inp date-field__input"
[WebServer]                                     id={undefined}
[WebServer]                                     name="to"
[WebServer]                                     defaultValue="2026-10-11"
[WebServer]                                     aria-label="Календарь: по"
[WebServer] -                                   style={{caret-color:"transparent"}}
[WebServer]                                   >
[WebServer]                                   ...
[WebServer]                             ...
[WebServer]                         <UnassignedStays>
[WebServer]                         <ChessboardGrid board={{from:"2026...", ...}} today="2026-10-06" fitMonth={false} ...>
[WebServer]                           <div className="board-toolbar">
[WebServer]                             <label className="board-sear...">
[WebServer]                               <span>
[WebServer]                               <Input type="search" aria-label="Поиск в ка..." placeholder="Гость, тел..." ...>
[WebServer]                                 <input
[WebServer]                                   className="inp"
[WebServer]                                   type="search"
[WebServer]                                   aria-label="Поиск в календаре"
[WebServer]                                   placeholder="Гость, телефон, бронь, номер, койка"
[WebServer]                                   data-page-search=""
[WebServer]                                   value=""
[WebServer]                                   onChange={function onChange}
[WebServer]                                   onKeyDown={function onKeyDown}
[WebServer] -                                 style={{caret-color:"transparent"}}
[WebServer]                                 >
[WebServer]                             ...
[WebServer]                           ...
[WebServer]                         ...
[WebServer]                 ...
[WebServer]               ...
[WebServer]  
  ✓   3 tests/ui/chessboard-calendar.spec.ts:58:3 › гейт «Календарь»: light (2.2s)
[WebServer] [browser] A tree hydrated but some attributes of the server rendered HTML didn't match the client properties. This won't be patched up. This can happen if a SSR-ed Client Component used:
[WebServer] 
[WebServer] - A server/client branch `if (typeof window !== 'undefined')`.
[WebServer] - Variable input such as `Date.now()` or `Math.random()` which changes each time it's called.
[WebServer] - Date formatting in a user's locale which doesn't match the server.
[WebServer] - External changing data without sending a snapshot of it along with the HTML.
[WebServer] - Invalid HTML tag nesting.
[WebServer] 
[WebServer] It can also happen if the client has a browser extension installed which messes with the HTML before React loaded.
[WebServer] 
[WebServer] https://react.dev/link/hydration-mismatch
[WebServer] 
[WebServer]   ...
[WebServer]     <ErrorBoundary errorComponent={undefined} errorStyles={undefined} errorScripts={undefined}>
[WebServer]       <LoadingBoundary name="chessboard/" loading={null}>
[WebServer]         <HTTPAccessFallbackBoundary notFound={undefined} forbidden={undefined} unauthorized={undefined}>
[WebServer]           <RedirectBoundary>
[WebServer]             <RedirectErrorBoundary router={{...}}>
[WebServer]               <InnerLayoutRouter url="/chessboard" tree={[...]} params={{}} cacheNode={{rsc:{...}, ...}} ...>
[WebServer]                 <SegmentViewNode type="page" pagePath="chessboard...">
[WebServer]                   <SegmentTrieNode>
[WebServer]                   <ChessboardPage>
[WebServer]                     <Page>
[WebServer]                       <main id="main-content" tabIndex={-1} className="page page-...">
[WebServer]                         <header>
[WebServer]                         ...
[WebServer]                           <form id="_R_38uatpe..." method="get" className="board-rang...">
[WebServer]                             <label className="field fiel...">
[WebServer]                               <span>
[WebServer]                               <DateInput name="from" defaultValue="2026-10-05" aria-label="Календарь: с">
[WebServer]                                 <span className="date-field">
[WebServer]                                   <input
[WebServer]                                     ref={{current:null}}
[WebServer]                                     type="date"
[WebServer]                                     className="inp date-field__input"
[WebServer]                                     id={undefined}
[WebServer]                                     name="from"
[WebServer]                                     defaultValue="2026-10-05"
[WebServer]                                     aria-label="Календарь: с"
[WebServer] -                                   style={{caret-color:"transparent"}}
[WebServer]                                   >
[WebServer]                                   ...
[WebServer]                             <label className="field fiel...">
[WebServer]                               <span>
[WebServer]                               <DateInput name="to" rangeFromName="from" defaultValue="2026-10-11" ...>
[WebServer]                                 <span className="date-field">
[WebServer]                                   <input
[WebServer]                                     ref={{current:null}}
[WebServer]                                     type="date"
[WebServer]                                     className="inp date-field__input"
[WebServer]                                     id={undefined}
[WebServer]                                     name="to"
[WebServer]                                     defaultValue="2026-10-11"
[WebServer]                                     aria-label="Календарь: по"
[WebServer] -                                   style={{caret-color:"transparent"}}
[WebServer]                                   >
[WebServer]                                   ...
[WebServer]                             ...
[WebServer]                         <UnassignedStays>
[WebServer]                         <ChessboardGrid board={{from:"2026...", ...}} today="2026-10-06" fitMonth={false} ...>
[WebServer]                           <div className="board-toolbar">
[WebServer]                             <label className="board-sear...">
[WebServer]                               <span>
[WebServer]                               <Input type="search" aria-label="Поиск в ка..." placeholder="Гость, тел..." ...>
[WebServer]                                 <input
[WebServer]                                   className="inp"
[WebServer]                                   type="search"
[WebServer]                                   aria-label="Поиск в календаре"
[WebServer]                                   placeholder="Гость, телефон, бронь, номер, койка"
[WebServer]                                   data-page-search=""
[WebServer]                                   value=""
[WebServer]                                   onChange={function onChange}
[WebServer]                                   onKeyDown={function onKeyDown}
[WebServer] -                                 style={{caret-color:"transparent"}}
[WebServer]                                 >
[WebServer]                             ...
[WebServer]                           ...
[WebServer]                         ...
[WebServer]                 ...
[WebServer]               ...
[WebServer]  
  ✓   4 tests/ui/chessboard-calendar.spec.ts:58:3 › гейт «Календарь»: dark (2.1s)
  ✓   5 tests/ui/chessboard-calendar.spec.ts:71:1 › пустая клетка не дублирует дату из шапки календаря (1.4s)
  ✓   6 tests/ui/chessboard-calendar.spec.ts:79:1 › даты в шапке не повторяют свободные и занятые места (1.5s)
  ✓   7 tests/ui/chessboard-mobile.spec.ts:15:3 › телефон 360: читаемые даты, прокрутка и бронь на несколько ночей (4.6s)
  ✓   8 tests/ui/chessboard-mobile.spec.ts:15:3 › телефон 390: читаемые даты, прокрутка и бронь на несколько ночей (4.8s)
  ✓   9 tests/ui/chessboard-mobile.spec.ts:15:3 › телефон 430: читаемые даты, прокрутка и бронь на несколько ночей (4.2s)
  ✓  10 tests/ui/chessboard-mobile.spec.ts:94:1 › мобильный период останавливается перед занятой ночью (1.8s)
  ✓  11 tests/ui/chessboard-mobile.spec.ts:115:3 › телефон light: карточка брони, фильтры и длинный календарь (2.8s)
  ✓  12 tests/ui/chessboard-mobile.spec.ts:115:3 › телефон dark: карточка брони, фильтры и длинный календарь (2.8s)
  ✓  13 tests/ui/chessboard-mobile.spec.ts:159:1 › форма брони на телефоне: крупные поля, сохранённые даты и доступная кнопка (1.6s)
  ✓  14 tests/ui/chessboard-mobile.spec.ts:187:3 › статистика 360: восемь показателей перед календарём и вертикальная прокрутка (2.1s)
  ✓  15 tests/ui/chessboard-mobile.spec.ts:187:3 › статистика 390: восемь показателей перед календарём и вертикальная прокрутка (2.1s)
  ✓  16 tests/ui/chessboard-mobile.spec.ts:187:3 › статистика 430: восемь показателей перед календарём и вертикальная прокрутка (2.0s)
  ✓  17 tests/ui/chessboard-mobile.spec.ts:230:1 › мобильная панель меняет заезд без закрытия и показывает выезд (1.9s)
[WebServer] (node:683) Warning: The 'NO_COLOR' env is ignored due to the 'FORCE_COLOR' env being set.
[WebServer] (Use `node --trace-warnings ...` to show where the warning was created)
[WebServer] Error: aborted
[WebServer]     at ignore-listed frames {
[WebServer]   code: 'ECONNRESET'
[WebServer] }
[WebServer] ⨯ uncaughtException: Error: aborted
[WebServer]     at ignore-listed frames {
[WebServer]   code: 'ECONNRESET'
[WebServer] }
[WebServer] ⨯ uncaughtException:  Error: aborted
[WebServer]     at ignore-listed frames {
[WebServer]   code: 'ECONNRESET'
[WebServer] }
[WebServer] (node:693) Warning: The 'NO_COLOR' env is ignored due to the 'FORCE_COLOR' env being set.
[WebServer] (Use `node --trace-warnings ...` to show where the warning was created)
  ✓  18 tests/ui/chessboard-mobile.spec.ts:250:1 › календарь возвращает обе позиции после полной карточки и сбрасывает их по Сегодня (4.5s)
[WebServer] ⨯ Error: The destination stream closed early.
[WebServer]     at ignore-listed frames {
[WebServer]   digest: '326312796'
[WebServer] }
  ✓  19 tests/ui/chessboard-mobile.spec.ts:270:1 › мобильная форма: ввод гостя на низком экране не перекрыт действиями (1.8s)
  ✓  20 tests/ui/chessboard-mobile.spec.ts:293:3 › телефон light: длинное имя и бронь на 28 ночей (2.7s)
  ✓  21 tests/ui/chessboard-mobile.spec.ts:293:3 › телефон dark: длинное имя и бронь на 28 ночей (2.6s)
[WebServer] (node:738) Warning: The 'NO_COLOR' env is ignored due to the 'FORCE_COLOR' env being set.
[WebServer] (Use `node --trace-warnings ...` to show where the warning was created)
[WebServer] (node:739) Warning: The 'NO_COLOR' env is ignored due to the 'FORCE_COLOR' env being set.
[WebServer] (Use `node --trace-warnings ...` to show where the warning was created)
  ✓  22 tests/ui/chessboard-mobile.spec.ts:326:1 › телефон возвращает поиск номера и выбранный вид мест после карточки (4.4s)
[WebServer] (node:746) Warning: The 'NO_COLOR' env is ignored due to the 'FORCE_COLOR' env being set.
[WebServer] (Use `node --trace-warnings ...` to show where the warning was created)
[WebServer] (node:747) Warning: The 'NO_COLOR' env is ignored due to the 'FORCE_COLOR' env being set.
[WebServer] (Use `node --trace-warnings ...` to show where the warning was created)
  ✓  23 tests/ui/search-filter-recovery.spec.ts:25:7 › search/filter recovery 1440 › availability: Завтра updates edited fields and repeated search (2.1s)
[WebServer] (node:754) Warning: The 'NO_COLOR' env is ignored due to the 'FORCE_COLOR' env being set.
[WebServer] (Use `node --trace-warnings ...` to show where the warning was created)
[WebServer] (node:756) Warning: The 'NO_COLOR' env is ignored due to the 'FORCE_COLOR' env being set.
[WebServer] (Use `node --trace-warnings ...` to show where the warning was created)
  ✓  24 tests/ui/search-filter-recovery.spec.ts:25:7 › search/filter recovery 1440 › availability: Выходные updates edited fields and repeated search (1.9s)
[WebServer] (node:765) Warning: The 'NO_COLOR' env is ignored due to the 'FORCE_COLOR' env being set.
[WebServer] (Use `node --trace-warnings ...` to show where the warning was created)
[WebServer] (node:770) Warning: The 'NO_COLOR' env is ignored due to the 'FORCE_COLOR' env being set.
[WebServer] (Use `node --trace-warnings ...` to show where the warning was created)
  ✓  25 tests/ui/search-filter-recovery.spec.ts:46:5 › search/filter recovery 1440 › availability: manual dates and guests do not apply before Find (1.9s)
[WebServer] (node:775) Warning: The 'NO_COLOR' env is ignored due to the 'FORCE_COLOR' env being set.
[WebServer] (Use `node --trace-warnings ...` to show where the warning was created)
[WebServer] (node:783) Warning: The 'NO_COLOR' env is ignored due to the 'FORCE_COLOR' env being set.
[WebServer] (Use `node --trace-warnings ...` to show where the warning was created)
  ✓  26 tests/ui/search-filter-recovery.spec.ts:63:5 › search/filter recovery 1440 › availability: selected guests and category survive a quick period and booking link (1.7s)
[WebServer] (node:787) Warning: The 'NO_COLOR' env is ignored due to the 'FORCE_COLOR' env being set.
[WebServer] (Use `node --trace-warnings ...` to show where the warning was created)
[WebServer] (node:789) Warning: The 'NO_COLOR' env is ignored due to the 'FORCE_COLOR' env being set.
[WebServer] (Use `node --trace-warnings ...` to show where the warning was created)
  ✓  27 tests/ui/search-filter-recovery.spec.ts:94:5 › search/filter recovery 1440 › availability: category action transfers category into search (1.6s)
[WebServer] (node:793) Warning: The 'NO_COLOR' env is ignored due to the 'FORCE_COLOR' env being set.
[WebServer] (Use `node --trace-warnings ...` to show where the warning was created)
[WebServer] (node:812) Warning: The 'NO_COLOR' env is ignored due to the 'FORCE_COLOR' env being set.
[WebServer] (Use `node --trace-warnings ...` to show where the warning was created)
[WebServer] (node:816) Warning: The 'NO_COLOR' env is ignored due to the 'FORCE_COLOR' env being set.
[WebServer] (Use `node --trace-warnings ...` to show where the warning was created)
  ✓  28 tests/ui/search-filter-recovery.spec.ts:106:5 › search/filter recovery 1440 › availability: manual input is a draft until Find; category survives reload and history (3.4s)
[WebServer] (node:823) Warning: The 'NO_COLOR' env is ignored due to the 'FORCE_COLOR' env being set.
[WebServer] (Use `node --trace-warnings ...` to show where the warning was created)
  ✓  29 tests/ui/search-filter-recovery.spec.ts:133:5 › search/filter recovery 1440 › availability: calendar transfers its inclusive range and category (1.7s)
  ✓  30 tests/ui/search-filter-recovery.spec.ts:148:5 › search/filter recovery 1440 › finance: empty refunds keep method and resetting it preserves other filters (3.4s)
  ✓  31 tests/ui/search-filter-recovery.spec.ts:174:5 › search/filter recovery 1440 › rates: empty row is rejected, zero nights and false restrictions remain changes (1.6s)
  ✓  32 tests/ui/search-filter-recovery.spec.ts:194:5 › search/filter recovery 1440 › print: KZ and RU survive form changes, reload and history (3.1s)
[WebServer] (node:864) Warning: The 'NO_COLOR' env is ignored due to the 'FORCE_COLOR' env being set.
[WebServer] (Use `node --trace-warnings ...` to show where the warning was created)
[WebServer] (node:867) Warning: The 'NO_COLOR' env is ignored due to the 'FORCE_COLOR' env being set.
[WebServer] (Use `node --trace-warnings ...` to show where the warning was created)
  ✓  33 tests/ui/search-filter-recovery.spec.ts:25:7 › search/filter recovery 390 › availability: Завтра updates edited fields and repeated search (2.0s)
[WebServer] (node:871) Warning: The 'NO_COLOR' env is ignored due to the 'FORCE_COLOR' env being set.
[WebServer] (Use `node --trace-warnings ...` to show where the warning was created)
[WebServer] (node:879) Warning: The 'NO_COLOR' env is ignored due to the 'FORCE_COLOR' env being set.
[WebServer] (Use `node --trace-warnings ...` to show where the warning was created)
  ✓  34 tests/ui/search-filter-recovery.spec.ts:25:7 › search/filter recovery 390 › availability: Выходные updates edited fields and repeated search (1.9s)
[WebServer] (node:884) Warning: The 'NO_COLOR' env is ignored due to the 'FORCE_COLOR' env being set.
[WebServer] (Use `node --trace-warnings ...` to show where the warning was created)
[WebServer] (node:885) Warning: The 'NO_COLOR' env is ignored due to the 'FORCE_COLOR' env being set.
[WebServer] (Use `node --trace-warnings ...` to show where the warning was created)
  ✓  35 tests/ui/search-filter-recovery.spec.ts:46:5 › search/filter recovery 390 › availability: manual dates and guests do not apply before Find (1.7s)
[WebServer] (node:889) Warning: The 'NO_COLOR' env is ignored due to the 'FORCE_COLOR' env being set.
[WebServer] (Use `node --trace-warnings ...` to show where the warning was created)
[WebServer] (node:892) Warning: The 'NO_COLOR' env is ignored due to the 'FORCE_COLOR' env being set.
[WebServer] (Use `node --trace-warnings ...` to show where the warning was created)
  ✓  36 tests/ui/search-filter-recovery.spec.ts:63:5 › search/filter recovery 390 › availability: selected guests and category survive a quick period and booking link (1.6s)
[WebServer] (node:897) Warning: The 'NO_COLOR' env is ignored due to the 'FORCE_COLOR' env being set.
[WebServer] (Use `node --trace-warnings ...` to show where the warning was created)
[WebServer] (node:900) Warning: The 'NO_COLOR' env is ignored due to the 'FORCE_COLOR' env being set.
[WebServer] (Use `node --trace-warnings ...` to show where the warning was created)
  ✓  37 tests/ui/search-filter-recovery.spec.ts:94:5 › search/filter recovery 390 › availability: category action transfers category into search (1.7s)
[WebServer] (node:913) Warning: The 'NO_COLOR' env is ignored due to the 'FORCE_COLOR' env being set.
[WebServer] (Use `node --trace-warnings ...` to show where the warning was created)
[WebServer] (node:925) Warning: The 'NO_COLOR' env is ignored due to the 'FORCE_COLOR' env being set.
[WebServer] (Use `node --trace-warnings ...` to show where the warning was created)
[WebServer] (node:930) Warning: The 'NO_COLOR' env is ignored due to the 'FORCE_COLOR' env being set.
[WebServer] (Use `node --trace-warnings ...` to show where the warning was created)
  ✓  38 tests/ui/search-filter-recovery.spec.ts:106:5 › search/filter recovery 390 › availability: manual input is a draft until Find; category survives reload and history (3.2s)
[WebServer] (node:936) Warning: The 'NO_COLOR' env is ignored due to the 'FORCE_COLOR' env being set.
[WebServer] (Use `node --trace-warnings ...` to show where the warning was created)
  ✓  39 tests/ui/search-filter-recovery.spec.ts:133:5 › search/filter recovery 390 › availability: calendar transfers its inclusive range and category (1.8s)
  ✓  40 tests/ui/search-filter-recovery.spec.ts:148:5 › search/filter recovery 390 › finance: empty refunds keep method and resetting it preserves other filters (3.1s)
  ✓  41 tests/ui/search-filter-recovery.spec.ts:174:5 › search/filter recovery 390 › rates: empty row is rejected, zero nights and false restrictions remain changes (1.6s)
  ✓  42 tests/ui/search-filter-recovery.spec.ts:194:5 › search/filter recovery 390 › print: KZ and RU survive form changes, reload and history (3.1s)

  42 passed (1.9m)

■ e2e: ✅ 42 из 42 · 1 мин 53 с
  лог: tests/runs/logs/2026-10-05T19-20-28Z-e2e-c53e.log
  журнал: tests/runs/JOURNAL.md · что доказано: npm run test:status
