
> pms-lux@0.0.0 test:record
> tsx tests/tools/cli-record.ts e2e --config tests/ui/playwright.config.ts --workers=1 tests/ui/search-filter-recovery.spec.ts --note GREEN final exact preset URL after navigation completes

▶ Сквозные (e2e) — нужно: dev-БД, API :3001 и стойка :3000 (Playwright поднимает сам или берёт уже запущенные)
  npx playwright test --workers=2 --reporter=list,json '--config' 'tests/ui/playwright.config.ts' '--workers=1' 'tests/ui/search-filter-recovery.spec.ts'

[WebServer] (node:94154) Warning: The 'NO_COLOR' env is ignored due to the 'FORCE_COLOR' env being set.
[WebServer] (Use `node --trace-warnings ...` to show where the warning was created)
[WebServer] (node:94178) Warning: The 'NO_COLOR' env is ignored due to the 'FORCE_COLOR' env being set.
[WebServer] (Use `node --trace-warnings ...` to show where the warning was created)
[WebServer] (node:94179) Warning: The 'NO_COLOR' env is ignored due to the 'FORCE_COLOR' env being set.
[WebServer] (Use `node --trace-warnings ...` to show where the warning was created)
[WebServer] (node:94180) Warning: The 'NO_COLOR' env is ignored due to the 'FORCE_COLOR' env being set.
[WebServer] (Use `node --trace-warnings ...` to show where the warning was created)
[WebServer] (node:94206) Warning: The 'NO_COLOR' env is ignored due to the 'FORCE_COLOR' env being set.
[WebServer] (Use `node --trace-warnings ...` to show where the warning was created)
[WebServer] (node:94207) Warning: The 'NO_COLOR' env is ignored due to the 'FORCE_COLOR' env being set.
[WebServer] (Use `node --trace-warnings ...` to show where the warning was created)
[WebServer] ⚠ The "middleware" file convention is deprecated. Please use "proxy" instead.
[WebServer] 
[WebServer]   To migrate automatically, run:
[WebServer]   npx @next/codemod@canary middleware-to-proxy .
[WebServer] 
[WebServer]   Learn more: https://nextjs.org/docs/messages/middleware-to-proxy
[WebServer] (node:94239) Warning: The 'NO_COLOR' env is ignored due to the 'FORCE_COLOR' env being set.
[WebServer] (Use `node --trace-warnings ...` to show where the warning was created)
[WebServer] (node:94240) Warning: The 'NO_COLOR' env is ignored due to the 'FORCE_COLOR' env being set.
[WebServer] (Use `node --trace-warnings ...` to show where the warning was created)

Running 20 tests using 1 worker

(node:94246) Warning: The 'NO_COLOR' env is ignored due to the 'FORCE_COLOR' env being set.
(Use `node --trace-warnings ...` to show where the warning was created)
[WebServer] (node:94266) Warning: The 'NO_COLOR' env is ignored due to the 'FORCE_COLOR' env being set.
[WebServer] (Use `node --trace-warnings ...` to show where the warning was created)
[WebServer] (node:94268) Warning: The 'NO_COLOR' env is ignored due to the 'FORCE_COLOR' env being set.
[WebServer] (Use `node --trace-warnings ...` to show where the warning was created)
  ✓   1 tests/ui/search-filter-recovery.spec.ts:25:7 › search/filter recovery 1440 › availability: Завтра updates edited fields and repeated search (2.0s)
[WebServer] (node:94272) Warning: The 'NO_COLOR' env is ignored due to the 'FORCE_COLOR' env being set.
[WebServer] (Use `node --trace-warnings ...` to show where the warning was created)
[WebServer] (node:94274) Warning: The 'NO_COLOR' env is ignored due to the 'FORCE_COLOR' env being set.
[WebServer] (Use `node --trace-warnings ...` to show where the warning was created)
  ✓   2 tests/ui/search-filter-recovery.spec.ts:25:7 › search/filter recovery 1440 › availability: Выходные updates edited fields and repeated search (1.2s)
[WebServer] (node:94279) Warning: The 'NO_COLOR' env is ignored due to the 'FORCE_COLOR' env being set.
[WebServer] (Use `node --trace-warnings ...` to show where the warning was created)
[WebServer] (node:94281) Warning: The 'NO_COLOR' env is ignored due to the 'FORCE_COLOR' env being set.
[WebServer] (Use `node --trace-warnings ...` to show where the warning was created)
  ✓   3 tests/ui/search-filter-recovery.spec.ts:46:5 › search/filter recovery 1440 › availability: manual dates and guests do not apply before Find (1.2s)
[WebServer] (node:94285) Warning: The 'NO_COLOR' env is ignored due to the 'FORCE_COLOR' env being set.
[WebServer] (Use `node --trace-warnings ...` to show where the warning was created)
[WebServer] (node:94286) Warning: The 'NO_COLOR' env is ignored due to the 'FORCE_COLOR' env being set.
[WebServer] (Use `node --trace-warnings ...` to show where the warning was created)
  ✓   4 tests/ui/search-filter-recovery.spec.ts:63:5 › search/filter recovery 1440 › availability: selected guests and category survive a quick period and booking link (1.1s)
[WebServer] (node:94291) Warning: The 'NO_COLOR' env is ignored due to the 'FORCE_COLOR' env being set.
[WebServer] (Use `node --trace-warnings ...` to show where the warning was created)
[WebServer] (node:94293) Warning: The 'NO_COLOR' env is ignored due to the 'FORCE_COLOR' env being set.
[WebServer] (Use `node --trace-warnings ...` to show where the warning was created)
  ✓   5 tests/ui/search-filter-recovery.spec.ts:94:5 › search/filter recovery 1440 › availability: category action transfers category into search (1.1s)
[WebServer] (node:94297) Warning: The 'NO_COLOR' env is ignored due to the 'FORCE_COLOR' env being set.
[WebServer] (Use `node --trace-warnings ...` to show where the warning was created)
[WebServer] (node:94299) Warning: The 'NO_COLOR' env is ignored due to the 'FORCE_COLOR' env being set.
[WebServer] (Use `node --trace-warnings ...` to show where the warning was created)
[WebServer] (node:94303) Warning: The 'NO_COLOR' env is ignored due to the 'FORCE_COLOR' env being set.
[WebServer] (Use `node --trace-warnings ...` to show where the warning was created)
  ✓   6 tests/ui/search-filter-recovery.spec.ts:106:5 › search/filter recovery 1440 › availability: manual input is a draft until Find; category survives reload and history (2.0s)
  ✓   7 tests/ui/search-filter-recovery.spec.ts:133:5 › search/filter recovery 1440 › availability: calendar transfers its inclusive range and category (1.0s)
[WebServer] (node:94315) Warning: The 'NO_COLOR' env is ignored due to the 'FORCE_COLOR' env being set.
[WebServer] (Use `node --trace-warnings ...` to show where the warning was created)
  ✓   8 tests/ui/search-filter-recovery.spec.ts:148:5 › search/filter recovery 1440 › finance: empty refunds keep method and resetting it preserves other filters (2.3s)
  ✓   9 tests/ui/search-filter-recovery.spec.ts:174:5 › search/filter recovery 1440 › rates: empty row is rejected, zero nights and false restrictions remain changes (1.2s)
  ✓  10 tests/ui/search-filter-recovery.spec.ts:194:5 › search/filter recovery 1440 › print: KZ and RU survive form changes, reload and history (2.2s)
[WebServer] (node:94338) Warning: The 'NO_COLOR' env is ignored due to the 'FORCE_COLOR' env being set.
[WebServer] (Use `node --trace-warnings ...` to show where the warning was created)
[WebServer] (node:94341) Warning: The 'NO_COLOR' env is ignored due to the 'FORCE_COLOR' env being set.
[WebServer] (Use `node --trace-warnings ...` to show where the warning was created)
  ✓  11 tests/ui/search-filter-recovery.spec.ts:25:7 › search/filter recovery 390 › availability: Завтра updates edited fields and repeated search (1.1s)
[WebServer] (node:94345) Warning: The 'NO_COLOR' env is ignored due to the 'FORCE_COLOR' env being set.
[WebServer] (Use `node --trace-warnings ...` to show where the warning was created)
[WebServer] (node:94357) Warning: The 'NO_COLOR' env is ignored due to the 'FORCE_COLOR' env being set.
[WebServer] (Use `node --trace-warnings ...` to show where the warning was created)
  ✓  12 tests/ui/search-filter-recovery.spec.ts:25:7 › search/filter recovery 390 › availability: Выходные updates edited fields and repeated search (1.1s)
[WebServer] (node:94361) Warning: The 'NO_COLOR' env is ignored due to the 'FORCE_COLOR' env being set.
[WebServer] (Use `node --trace-warnings ...` to show where the warning was created)
[WebServer] (node:94365) Warning: The 'NO_COLOR' env is ignored due to the 'FORCE_COLOR' env being set.
[WebServer] (Use `node --trace-warnings ...` to show where the warning was created)
  ✓  13 tests/ui/search-filter-recovery.spec.ts:46:5 › search/filter recovery 390 › availability: manual dates and guests do not apply before Find (1.1s)
[WebServer] (node:94370) Warning: The 'NO_COLOR' env is ignored due to the 'FORCE_COLOR' env being set.
[WebServer] (Use `node --trace-warnings ...` to show where the warning was created)
[WebServer] (node:94371) Warning: The 'NO_COLOR' env is ignored due to the 'FORCE_COLOR' env being set.
[WebServer] (Use `node --trace-warnings ...` to show where the warning was created)
  ✓  14 tests/ui/search-filter-recovery.spec.ts:63:5 › search/filter recovery 390 › availability: selected guests and category survive a quick period and booking link (1.0s)
[WebServer] (node:94375) Warning: The 'NO_COLOR' env is ignored due to the 'FORCE_COLOR' env being set.
[WebServer] (Use `node --trace-warnings ...` to show where the warning was created)
[WebServer] (node:94376) Warning: The 'NO_COLOR' env is ignored due to the 'FORCE_COLOR' env being set.
[WebServer] (Use `node --trace-warnings ...` to show where the warning was created)
  ✓  15 tests/ui/search-filter-recovery.spec.ts:94:5 › search/filter recovery 390 › availability: category action transfers category into search (983ms)
[WebServer] (node:94382) Warning: The 'NO_COLOR' env is ignored due to the 'FORCE_COLOR' env being set.
[WebServer] (Use `node --trace-warnings ...` to show where the warning was created)
[WebServer] (node:94383) Warning: The 'NO_COLOR' env is ignored due to the 'FORCE_COLOR' env being set.
[WebServer] (Use `node --trace-warnings ...` to show where the warning was created)
[WebServer] (node:94385) Warning: The 'NO_COLOR' env is ignored due to the 'FORCE_COLOR' env being set.
[WebServer] (Use `node --trace-warnings ...` to show where the warning was created)
  ✓  16 tests/ui/search-filter-recovery.spec.ts:106:5 › search/filter recovery 390 › availability: manual input is a draft until Find; category survives reload and history (1.9s)
[WebServer] (node:94390) Warning: The 'NO_COLOR' env is ignored due to the 'FORCE_COLOR' env being set.
[WebServer] (Use `node --trace-warnings ...` to show where the warning was created)
  ✓  17 tests/ui/search-filter-recovery.spec.ts:133:5 › search/filter recovery 390 › availability: calendar transfers its inclusive range and category (1.1s)
  ✓  18 tests/ui/search-filter-recovery.spec.ts:148:5 › search/filter recovery 390 › finance: empty refunds keep method and resetting it preserves other filters (2.2s)
  ✓  19 tests/ui/search-filter-recovery.spec.ts:174:5 › search/filter recovery 390 › rates: empty row is rejected, zero nights and false restrictions remain changes (1.2s)
  ✓  20 tests/ui/search-filter-recovery.spec.ts:194:5 › search/filter recovery 390 › print: KZ and RU survive form changes, reload and history (2.2s)

  20 passed (36.1s)

■ e2e: ✅ 20 из 20 · 37 с
  лог: tests/runs/logs/2026-10-05T15-52-45Z-e2e-6a9c.log
  журнал: tests/runs/JOURNAL.md · что доказано: npm run test:status
