
> pms-lux@0.0.0 test:record
> tsx tests/tools/cli-record.ts e2e --config tests/ui/playwright.config.ts --workers=1 tests/ui/search-filter-recovery.spec.ts --note GREEN candidate search/filter QA

▶ Сквозные (e2e) — нужно: dev-БД, API :3001 и стойка :3000 (Playwright поднимает сам или берёт уже запущенные)
  npx playwright test --workers=2 --reporter=list,json '--config' 'tests/ui/playwright.config.ts' '--workers=1' 'tests/ui/search-filter-recovery.spec.ts'

[WebServer] (node:85706) Warning: The 'NO_COLOR' env is ignored due to the 'FORCE_COLOR' env being set.
[WebServer] (Use `node --trace-warnings ...` to show where the warning was created)
[WebServer] (node:85730) Warning: The 'NO_COLOR' env is ignored due to the 'FORCE_COLOR' env being set.
[WebServer] (Use `node --trace-warnings ...` to show where the warning was created)
[WebServer] (node:85731) Warning: The 'NO_COLOR' env is ignored due to the 'FORCE_COLOR' env being set.
[WebServer] (Use `node --trace-warnings ...` to show where the warning was created)
[WebServer] (node:85733) Warning: The 'NO_COLOR' env is ignored due to the 'FORCE_COLOR' env being set.
[WebServer] (Use `node --trace-warnings ...` to show where the warning was created)
[WebServer] (node:85759) Warning: The 'NO_COLOR' env is ignored due to the 'FORCE_COLOR' env being set.
[WebServer] (Use `node --trace-warnings ...` to show where the warning was created)
[WebServer] (node:85760) Warning: The 'NO_COLOR' env is ignored due to the 'FORCE_COLOR' env being set.
[WebServer] (Use `node --trace-warnings ...` to show where the warning was created)
[WebServer] ⚠ The "middleware" file convention is deprecated. Please use "proxy" instead.
[WebServer] 
[WebServer]   To migrate automatically, run:
[WebServer]   npx @next/codemod@canary middleware-to-proxy .
[WebServer] 
[WebServer]   Learn more: https://nextjs.org/docs/messages/middleware-to-proxy
[WebServer] (node:85815) Warning: The 'NO_COLOR' env is ignored due to the 'FORCE_COLOR' env being set.
[WebServer] (Use `node --trace-warnings ...` to show where the warning was created)
[WebServer] (node:85819) Warning: The 'NO_COLOR' env is ignored due to the 'FORCE_COLOR' env being set.
[WebServer] (Use `node --trace-warnings ...` to show where the warning was created)

Running 14 tests using 1 worker

(node:85822) Warning: The 'NO_COLOR' env is ignored due to the 'FORCE_COLOR' env being set.
(Use `node --trace-warnings ...` to show where the warning was created)
[WebServer] (node:85843) Warning: The 'NO_COLOR' env is ignored due to the 'FORCE_COLOR' env being set.
[WebServer] (Use `node --trace-warnings ...` to show where the warning was created)
[WebServer] (node:85849) Warning: The 'NO_COLOR' env is ignored due to the 'FORCE_COLOR' env being set.
[WebServer] (Use `node --trace-warnings ...` to show where the warning was created)
  ✓   1 tests/ui/search-filter-recovery.spec.ts:19:7 › search/filter recovery 1440 › availability: Завтра updates edited fields and repeated search (3.4s)
[WebServer] (node:85863) Warning: The 'NO_COLOR' env is ignored due to the 'FORCE_COLOR' env being set.
[WebServer] (Use `node --trace-warnings ...` to show where the warning was created)
[WebServer] (node:85864) Warning: The 'NO_COLOR' env is ignored due to the 'FORCE_COLOR' env being set.
[WebServer] (Use `node --trace-warnings ...` to show where the warning was created)
  ✓   2 tests/ui/search-filter-recovery.spec.ts:19:7 › search/filter recovery 1440 › availability: Выходные updates edited fields and repeated search (1.4s)
[WebServer] (node:85868) Warning: The 'NO_COLOR' env is ignored due to the 'FORCE_COLOR' env being set.
[WebServer] (Use `node --trace-warnings ...` to show where the warning was created)
[WebServer] (node:85885) Warning: The 'NO_COLOR' env is ignored due to the 'FORCE_COLOR' env being set.
[WebServer] (Use `node --trace-warnings ...` to show where the warning was created)
  ✘   3 tests/ui/search-filter-recovery.spec.ts:40:5 › search/filter recovery 1440 › availability: manual input is a draft until Find; category survives reload and history (16.9s)
(node:85925) Warning: The 'NO_COLOR' env is ignored due to the 'FORCE_COLOR' env being set.
(Use `node --trace-warnings ...` to show where the warning was created)
  ✓   4 tests/ui/search-filter-recovery.spec.ts:67:5 › search/filter recovery 1440 › availability: calendar transfers its inclusive range and category (1.8s)
[WebServer] (node:85943) Warning: The 'NO_COLOR' env is ignored due to the 'FORCE_COLOR' env being set.
[WebServer] (Use `node --trace-warnings ...` to show where the warning was created)
  ✓   5 tests/ui/search-filter-recovery.spec.ts:82:5 › search/filter recovery 1440 › finance: empty refunds keep method and resetting it preserves other filters (2.5s)
  ✘   6 tests/ui/search-filter-recovery.spec.ts:108:5 › search/filter recovery 1440 › rates: empty row is rejected, zero nights and false restrictions remain changes (45.2s)
(node:86055) Warning: The 'NO_COLOR' env is ignored due to the 'FORCE_COLOR' env being set.
(Use `node --trace-warnings ...` to show where the warning was created)
  ✓   7 tests/ui/search-filter-recovery.spec.ts:128:5 › search/filter recovery 1440 › print: KZ and RU survive form changes, reload and history (2.7s)
[WebServer] (node:86092) Warning: The 'NO_COLOR' env is ignored due to the 'FORCE_COLOR' env being set.
[WebServer] (Use `node --trace-warnings ...` to show where the warning was created)
[WebServer] (node:86093) Warning: The 'NO_COLOR' env is ignored due to the 'FORCE_COLOR' env being set.
[WebServer] (Use `node --trace-warnings ...` to show where the warning was created)
  ✓   8 tests/ui/search-filter-recovery.spec.ts:19:7 › search/filter recovery 390 › availability: Завтра updates edited fields and repeated search (1.3s)
[WebServer] (node:86097) Warning: The 'NO_COLOR' env is ignored due to the 'FORCE_COLOR' env being set.
[WebServer] (Use `node --trace-warnings ...` to show where the warning was created)
[WebServer] (node:86098) Warning: The 'NO_COLOR' env is ignored due to the 'FORCE_COLOR' env being set.
[WebServer] (Use `node --trace-warnings ...` to show where the warning was created)
  ✓   9 tests/ui/search-filter-recovery.spec.ts:19:7 › search/filter recovery 390 › availability: Выходные updates edited fields and repeated search (1.1s)
[WebServer] (node:86102) Warning: The 'NO_COLOR' env is ignored due to the 'FORCE_COLOR' env being set.
[WebServer] (Use `node --trace-warnings ...` to show where the warning was created)
[WebServer] (node:86105) Warning: The 'NO_COLOR' env is ignored due to the 'FORCE_COLOR' env being set.
[WebServer] (Use `node --trace-warnings ...` to show where the warning was created)
  ✘  10 tests/ui/search-filter-recovery.spec.ts:40:5 › search/filter recovery 390 › availability: manual input is a draft until Find; category survives reload and history (16.6s)
(node:86133) Warning: The 'NO_COLOR' env is ignored due to the 'FORCE_COLOR' env being set.
(Use `node --trace-warnings ...` to show where the warning was created)
[WebServer] (node:86151) Warning: The 'NO_COLOR' env is ignored due to the 'FORCE_COLOR' env being set.
[WebServer] (Use `node --trace-warnings ...` to show where the warning was created)
  ✓  11 tests/ui/search-filter-recovery.spec.ts:67:5 › search/filter recovery 390 › availability: calendar transfers its inclusive range and category (1.5s)
  ✓  12 tests/ui/search-filter-recovery.spec.ts:82:5 › search/filter recovery 390 › finance: empty refunds keep method and resetting it preserves other filters (2.3s)
  ✘  13 tests/ui/search-filter-recovery.spec.ts:108:5 › search/filter recovery 390 › rates: empty row is rejected, zero nights and false restrictions remain changes (45.1s)
(node:86250) Warning: The 'NO_COLOR' env is ignored due to the 'FORCE_COLOR' env being set.
(Use `node --trace-warnings ...` to show where the warning was created)
  ✓  14 tests/ui/search-filter-recovery.spec.ts:128:5 › search/filter recovery 390 › print: KZ and RU survive form changes, reload and history (2.5s)


  1) tests/ui/search-filter-recovery.spec.ts:40:5 › search/filter recovery 1440 › availability: manual input is a draft until Find; category survives reload and history 

    Error: expect(locator).toHaveValue(expected) failed

    Locator:  getByLabel('Заезд', { exact: true })
    Expected: "2026-10-10"
    Received: "2026-10-13"
    Timeout:  15000ms

    Call log:
      - Expect "toHaveValue" getByLabel('Заезд', { exact: true }) with timeout 15000ms
      - waiting for getByLabel('Заезд', { exact: true })
        2 × locator resolved to <input type="date" required="" name="arrival" value="2026-10-10" class="inp date-field__input"/>
          - unexpected value "2026-10-13"
        32 × locator resolved to <input type="date" required="" name="arrival" value="2026-10-10" aria-label="Заезд" class="inp date-field__input"/>
           - unexpected value "2026-10-13"


      59 |       await expect(page.getByLabel('Заезд', { exact: true })).toHaveValue('2026-10-13');
      60 |       await page.goBack();
    > 61 |       await expect(page.getByLabel('Заезд', { exact: true })).toHaveValue(arrival);
         |                                                               ^
      62 |       await page.goForward();
      63 |       await expect(page.getByLabel('Выезд', { exact: true })).toHaveValue('2026-10-16');
      64 |       await expect(category).toHaveValue('MALE');
        at /Users/urijzapojnov/wetop-channex-recovery-20261004/tests/ui/search-filter-recovery.spec.ts:61:63

    Error Context: test-results/search-filter-recovery-sea-0d179-survives-reload-and-history/error-context.md

    attachment #2: trace (application/zip) ─────────────────────────────────────────────────────────
    test-results/search-filter-recovery-sea-0d179-survives-reload-and-history/trace.zip
    Usage:

        npx playwright show-trace test-results/search-filter-recovery-sea-0d179-survives-reload-and-history/trace.zip

    ────────────────────────────────────────────────────────────────────────────────────────────────

  2) tests/ui/search-filter-recovery.spec.ts:108:5 › search/filter recovery 1440 › rates: empty row is rejected, zero nights and false restrictions remain changes 

    Test timeout of 45000ms exceeded.

    Error: locator.selectOption: Test timeout of 45000ms exceeded.
    Call log:
      - waiting for getByTestId('bulk-editor').getByLabel('Стоп-продажа', { exact: true })


      120 |       await add.click();
      121 |       await expect(editor.getByTestId('pending-changes')).toContainText('мин. ночей 0');
    > 122 |       await editor.getByLabel('Стоп-продажа', { exact: true }).selectOption('false');
          |                                                                ^
      123 |       await add.click();
      124 |       await expect(editor.getByTestId('pending-changes')).toContainText('стоп-продажа нет');
      125 |       await expect(editor.getByTestId('apply-changes')).toHaveText('Сохранить 2 изменения');
        at /Users/urijzapojnov/wetop-channex-recovery-20261004/tests/ui/search-filter-recovery.spec.ts:122:64

    Error Context: test-results/search-filter-recovery-sea-b0b09-restrictions-remain-changes/error-context.md

    attachment #2: trace (application/zip) ─────────────────────────────────────────────────────────
    test-results/search-filter-recovery-sea-b0b09-restrictions-remain-changes/trace.zip
    Usage:

        npx playwright show-trace test-results/search-filter-recovery-sea-b0b09-restrictions-remain-changes/trace.zip

    ────────────────────────────────────────────────────────────────────────────────────────────────

  3) tests/ui/search-filter-recovery.spec.ts:40:5 › search/filter recovery 390 › availability: manual input is a draft until Find; category survives reload and history 

    Error: expect(locator).toHaveValue(expected) failed

    Locator:  getByLabel('Заезд', { exact: true })
    Expected: "2026-10-10"
    Received: "2026-10-13"
    Timeout:  15000ms

    Call log:
      - Expect "toHaveValue" getByLabel('Заезд', { exact: true }) with timeout 15000ms
      - waiting for getByLabel('Заезд', { exact: true })
        2 × locator resolved to <input type="date" required="" name="arrival" value="2026-10-10" class="inp date-field__input"/>
          - unexpected value "2026-10-13"
        32 × locator resolved to <input type="date" required="" name="arrival" value="2026-10-10" aria-label="Заезд" class="inp date-field__input"/>
           - unexpected value "2026-10-13"


      59 |       await expect(page.getByLabel('Заезд', { exact: true })).toHaveValue('2026-10-13');
      60 |       await page.goBack();
    > 61 |       await expect(page.getByLabel('Заезд', { exact: true })).toHaveValue(arrival);
         |                                                               ^
      62 |       await page.goForward();
      63 |       await expect(page.getByLabel('Выезд', { exact: true })).toHaveValue('2026-10-16');
      64 |       await expect(category).toHaveValue('MALE');
        at /Users/urijzapojnov/wetop-channex-recovery-20261004/tests/ui/search-filter-recovery.spec.ts:61:63

    Error Context: test-results/search-filter-recovery-sea-def90-survives-reload-and-history/error-context.md

    attachment #2: trace (application/zip) ─────────────────────────────────────────────────────────
    test-results/search-filter-recovery-sea-def90-survives-reload-and-history/trace.zip
    Usage:

        npx playwright show-trace test-results/search-filter-recovery-sea-def90-survives-reload-and-history/trace.zip

    ────────────────────────────────────────────────────────────────────────────────────────────────

  4) tests/ui/search-filter-recovery.spec.ts:108:5 › search/filter recovery 390 › rates: empty row is rejected, zero nights and false restrictions remain changes 

    Test timeout of 45000ms exceeded.

    Error: locator.selectOption: Test timeout of 45000ms exceeded.
    Call log:
      - waiting for getByTestId('bulk-editor').getByLabel('Стоп-продажа', { exact: true })


      120 |       await add.click();
      121 |       await expect(editor.getByTestId('pending-changes')).toContainText('мин. ночей 0');
    > 122 |       await editor.getByLabel('Стоп-продажа', { exact: true }).selectOption('false');
          |                                                                ^
      123 |       await add.click();
      124 |       await expect(editor.getByTestId('pending-changes')).toContainText('стоп-продажа нет');
      125 |       await expect(editor.getByTestId('apply-changes')).toHaveText('Сохранить 2 изменения');
        at /Users/urijzapojnov/wetop-channex-recovery-20261004/tests/ui/search-filter-recovery.spec.ts:122:64

    Error Context: test-results/search-filter-recovery-sea-76512-restrictions-remain-changes/error-context.md

    attachment #2: trace (application/zip) ─────────────────────────────────────────────────────────
    test-results/search-filter-recovery-sea-76512-restrictions-remain-changes/trace.zip
    Usage:

        npx playwright show-trace test-results/search-filter-recovery-sea-76512-restrictions-remain-changes/trace.zip

    ────────────────────────────────────────────────────────────────────────────────────────────────

  4 failed
    tests/ui/search-filter-recovery.spec.ts:40:5 › search/filter recovery 1440 › availability: manual input is a draft until Find; category survives reload and history 
    tests/ui/search-filter-recovery.spec.ts:108:5 › search/filter recovery 1440 › rates: empty row is rejected, zero nights and false restrictions remain changes 
    tests/ui/search-filter-recovery.spec.ts:40:5 › search/filter recovery 390 › availability: manual input is a draft until Find; category survives reload and history 
    tests/ui/search-filter-recovery.spec.ts:108:5 › search/filter recovery 390 › rates: empty row is rejected, zero nights and false restrictions remain changes 
  10 passed (2.6m)

■ e2e: ❌ упало 4 из 14 · 2 мин 38 с
  лог: tests/runs/logs/2026-10-05T15-31-22Z-e2e-7012.log
  журнал: tests/runs/JOURNAL.md · что доказано: npm run test:status
