
> pms-lux@0.0.0 test:record
> tsx tests/tools/cli-record.ts integration tests/integration/rates-empty-batch-api.test.ts --note Real API empty batches, localhost PostgreSQL17

▶ Интеграционные (integration) — нужно: dev-БД через пулер Supabase (DATABASE_URL в .env)
  npx vitest run --project integration --reporter=default --reporter=json --outputFile.json='/var/folders/sl/5hhh0s8s42s9nt8thzdp1br00000gn/T/pms-test-2026-10-05T15-36-18Z-integration-c866.json' 'tests/integration/rates-empty-batch-api.test.ts'


 RUN  v5.0.0 /Users/urijzapojnov/wetop-channex-recovery-20261004

 ❯ |integration| tests/integration/rates-empty-batch-api.test.ts (1 test | 1 failed) 315ms
   × real API: authenticated empty rate batches return 400 without changing rates, restrictions, audit or outbox 314ms

⎯⎯⎯⎯⎯⎯⎯ Failed Tests 1 ⎯⎯⎯⎯⎯⎯⎯

 FAIL  |integration| tests/integration/rates-empty-batch-api.test.ts > real API: authenticated empty rate batches return 400 without changing rates, restrictions, audit or outbox
PrismaClientKnownRequestError: 
Invalid `prisma.organization.delete()` invocation:


Foreign key constraint violated on the constraint: `audit_logs_organization_id_fkey`
 ❯ vn.handleRequestError node_modules/@prisma/client/src/runtime/RequestHandler.ts:238:13
 ❯ vn.handleAndLogRequestError node_modules/@prisma/client/src/runtime/RequestHandler.ts:184:12
 ❯ vn.request node_modules/@prisma/client/src/runtime/RequestHandler.ts:153:12
 ❯ a node_modules/@prisma/client/src/runtime/getPrismaClient.ts:1014:24
 ❯ tests/integration/rates-empty-batch-api.test.ts:108:5
    106|     await db.property.delete({ where: { id: property.id } });
    107|     await deleteOrganizationChain(db, [org.id]);
    108|     await db.organization.delete({ where: { id: org.id } });
       |     ^
    109|     await db.user.delete({ where: { id: user.id } });
    110|     await db.$disconnect();

⎯⎯⎯⎯⎯⎯⎯⎯⎯⎯⎯⎯⎯⎯⎯⎯⎯⎯⎯⎯⎯⎯⎯⎯[1/1]⎯


 Test Files  1 failed (1)
      Tests  1 failed (1)
   Start at  19:36:19
   Duration  2.23s (transform 49%, import 32%, tests 18%)

JSON report written to /var/folders/sl/5hhh0s8s42s9nt8thzdp1br00000gn/T/pms-test-2026-10-05T15-36-18Z-integration-c866.json

■ integration: ❌ упало 1 из 1 · 3 с
  лог: tests/runs/logs/2026-10-05T15-36-18Z-integration-c866.log
  журнал: tests/runs/JOURNAL.md · что доказано: npm run test:status
