[WebServer] ⚠ The "middleware" file convention is deprecated. Please use "proxy" instead.
[WebServer] 
[WebServer]   To migrate automatically, run:
[WebServer]   npx @next/codemod@canary middleware-to-proxy .
[WebServer] 
[WebServer]   Learn more: https://nextjs.org/docs/messages/middleware-to-proxy

Running 22 tests using 1 worker

  ✓   1 tests/onboarding-full/acceptance.spec.ts:34:1 › U01 first launch uses verified vertical and creates no draft on read (2.4s)
  ✓   2 tests/onboarding-full/acceptance.spec.ts:45:1 › U02 save/reload restores version, step and draft (1.3s)
  ✓   3 tests/onboarding-full/acceptance.spec.ts:61:1 › U03 close/reopen and real re-login preserve saved progress (2.0s)
  ✓   4 tests/onboarding-full/acceptance.spec.ts:80:1 › U04 commit with lost response, repeat and reload produce one progress (1.2s)
  ✘   5 tests/onboarding-full/acceptance.spec.ts:97:1 › U05 unsaved/saved back and forward are explicit (6.3s)
  ✘   6 tests/onboarding-full/acceptance.spec.ts:117:1 › U06 invalid input never persists, correction proceeds (2.3s)
  ✓   7 tests/onboarding-full/acceptance.spec.ts:135:1 › U07 complete API disconnect preserves input and retry (1.4s)
  ✓   8 tests/onboarding-full/acceptance.spec.ts:150:1 › U08 completion replay is denied and re-login preserves completion (1.8s)
  ✘   9 tests/onboarding-full/acceptance.spec.ts:182:1 › U09 existing hotel fund and rates survive reopening wizard (2.5m)
  ✓  10 tests/onboarding-full/acceptance.spec.ts:201:1 › U10 read-only UI and direct API forbid writes (2.0s)
  ✓  11 tests/onboarding-full/acceptance.spec.ts:219:1 › U11 real STAFF rejected, MANAGER saved (1.4s)
  ✓  12 tests/onboarding-full/acceptance.spec.ts:243:1 › U12 full guarded API and UI isolate organizations (2.9s)
  ✓  13 tests/onboarding-full/recovery.spec.ts:16:3 › U07 offline: retains draft, retries and persists once (1.2s)
  ✓  14 tests/onboarding-full/recovery.spec.ts:16:3 › U07 timeout: retains draft, retries and persists once (1.0m)
  ✓  15 tests/onboarding-full/recovery.spec.ts:16:3 › U07 before503: retains draft, retries and persists once (1.3s)
  ✓  16 tests/onboarding-full/recovery.spec.ts:16:3 › U07 after: retains draft, retries and persists once (1.2s)
  ✓  17 tests/onboarding-full/recovery.spec.ts:36:1 › lost next response never advances twice (1.2s)
  ✓  18 tests/onboarding-full/recovery.spec.ts:47:1 › 409 preserves unsaved input and never overwrites another window (1.7s)
  ✓  19 tests/onboarding-full/recovery.spec.ts:73:3 › expire: real SessionGuard denies write and requires login (1.3s)
  ✓  20 tests/onboarding-full/recovery.spec.ts:73:3 › revoke: real SessionGuard denies write and requires login (1.1s)
  ✓  21 tests/onboarding-full/recovery.spec.ts:82:3 › STAFF: real guarded API rejects write (938ms)
  ✓  22 tests/onboarding-full/recovery.spec.ts:82:3 › READ_ONLY: real guarded API rejects write (1.1s)


  1) tests/onboarding-full/acceptance.spec.ts:97:1 › U05 unsaved/saved back and forward are explicit 

    Error: expect(locator).toHaveValue(expected) failed

    Locator: getByRole('main').getByLabel('Название филиала')
    Expected: "QA-U05"
    Timeout: 5000ms
    Error: element(s) not found

    Call log:
      - Expect "toHaveValue" getByRole('main').getByLabel('Название филиала') with timeout 5000ms
      - waiting for getByRole('main').getByLabel('Название филиала')


      110 |   await page.goto('/auth/fallback');
      111 |   await page.goBack();
    > 112 |   await expect(page.getByRole('main').getByLabel('Название филиала')).toHaveValue('QA-U05');
          |                                                                       ^
      113 |   await page.goForward();
      114 |   await page.goBack();
      115 |   await expect(page.getByRole('main').getByLabel('Название филиала')).toHaveValue('QA-U05');
        at /private/tmp/wetop-u07-full-a5c5050c-20261005/tests/onboarding-full/acceptance.spec.ts:112:71

    Error Context: test-results/acceptance-U05-unsaved-saved-back-and-forward-are-explicit/error-context.md

    Error Context: test-results/acceptance-U05-unsaved-saved-back-and-forward-are-explicit/error-context.md

  2) tests/onboarding-full/acceptance.spec.ts:117:1 › U06 invalid input never persists, correction proceeds 

    Error: expect(received).toEqual(expected) // deep equality

    - Expected  -  1
    + Received  + 15

      Object {
    -   "progress": Array [],
    +   "progress": Array [
    +     Object {
    +       "completedAt": null,
    +       "currentStep": "location",
    +       "draft": Object {
    +         "businessName": "MV3-browser-full-d7abb3f5-8efc-46a2-96f6-3a840cb2e501",
    +         "currency": "KZT",
    +         "locationName": "MV3-browser-full-d7abb3f5-8efc-46a2-96f6-3a840cb2e501",
    +         "timezone": "Asia/Almaty",
    +       },
    +       "flowVersion": 1,
    +       "locationId": "2016f605-6e27-4973-b941-fbf90200aee1",
    +       "updatedAt": "2026-10-05T13:22:21.426Z",
    +     },
    +   ],
        "rates": 0,
        "units": 0,
      }

      123 |   await page.getByRole('button', { name: 'Продолжить', exact: true }).click();
      124 |   await expect(page.getByRole('main').getByRole('alert')).toBeVisible();
    > 125 |   expect(await snapshot(request)).toEqual(before);
          |                                   ^
      126 |   await page.getByRole('main').getByLabel('Часовой пояс IANA').fill('Asia/Almaty');
      127 |   await page.getByRole('main').getByLabel('Название филиала').fill('');
      128 |   await page.getByRole('button', { name: 'Продолжить', exact: true }).click();
        at /private/tmp/wetop-u07-full-a5c5050c-20261005/tests/onboarding-full/acceptance.spec.ts:125:35

    Error Context: test-results/acceptance-U06-invalid-inp-c8931-ersists-correction-proceeds/error-context.md

    Error Context: test-results/acceptance-U06-invalid-inp-c8931-ersists-correction-proceeds/error-context.md

  3) tests/onboarding-full/acceptance.spec.ts:182:1 › U09 existing hotel fund and rates survive reopening wizard 

    Test timeout of 150000ms exceeded.

    Error: locator.click: Test timeout of 150000ms exceeded.
    Call log:
      - waiting for getByRole('button', { name: 'Продолжить', exact: true })
        - waiting for "http://127.0.0.1:55823/onboarding" navigation to finish...
        - navigated to "http://127.0.0.1:55823/onboarding"


       9 |   await page.getByRole('main').getByLabel('Пароль', { exact: true }).fill(f.password);
      10 |   await page.getByRole('button', { name: 'Войти', exact: true }).click();
    > 11 |   await page.getByRole('button', { name: 'Продолжить', exact: true }).click();
         |                                                                       ^
      12 |   await expect(page.getByRole('heading', { level: 1 })).toHaveText(/Настройте/);
      13 | }
      14 | async function snapshot(request: APIRequestContext) {
        at login (/private/tmp/wetop-u07-full-a5c5050c-20261005/tests/onboarding-full/acceptance.spec.ts:11:71)
        at /private/tmp/wetop-u07-full-a5c5050c-20261005/tests/onboarding-full/acceptance.spec.ts:184:3

    Error Context: test-results/acceptance-U09-existing-ho-684a8-es-survive-reopening-wizard/error-context.md

    Error Context: test-results/acceptance-U09-existing-ho-684a8-es-survive-reopening-wizard/error-context.md

  3 failed
    tests/onboarding-full/acceptance.spec.ts:97:1 › U05 unsaved/saved back and forward are explicit 
    tests/onboarding-full/acceptance.spec.ts:117:1 › U06 invalid input never persists, correction proceeds 
    tests/onboarding-full/acceptance.spec.ts:182:1 › U09 existing hotel fund and rates survive reopening wizard 
  19 passed (4.3m)
