psql:packages/database/prisma/migrations/20260907000001_init_inventory/migration.sql:2: NOTICE:  schema "public" already exists, skipping
CREATE SCHEMA
CREATE TYPE
CREATE TYPE
CREATE TYPE
CREATE TYPE
CREATE TABLE
CREATE TABLE
CREATE TABLE
CREATE TABLE
CREATE TABLE
CREATE TABLE
CREATE TABLE
CREATE TABLE
CREATE TABLE
CREATE INDEX
CREATE INDEX
CREATE INDEX
CREATE INDEX
CREATE INDEX
CREATE INDEX
CREATE INDEX
CREATE INDEX
CREATE INDEX
CREATE INDEX
CREATE INDEX
CREATE INDEX
CREATE INDEX
ALTER TABLE
ALTER TABLE
ALTER TABLE
ALTER TABLE
ALTER TABLE
ALTER TABLE
ALTER TABLE
ALTER TABLE
CREATE TYPE
CREATE TYPE
CREATE TYPE
CREATE TABLE
CREATE TABLE
CREATE TABLE
CREATE TABLE
CREATE TABLE
CREATE TABLE
CREATE INDEX
CREATE INDEX
CREATE INDEX
CREATE INDEX
CREATE INDEX
CREATE INDEX
CREATE INDEX
CREATE INDEX
CREATE INDEX
CREATE INDEX
CREATE INDEX
CREATE INDEX
CREATE INDEX
CREATE INDEX
ALTER TABLE
ALTER TABLE
ALTER TABLE
ALTER TABLE
ALTER TABLE
ALTER TABLE
ALTER TABLE
ALTER TABLE
ALTER TABLE
CREATE TABLE
CREATE TABLE
CREATE TABLE
CREATE TABLE
CREATE INDEX
CREATE INDEX
CREATE INDEX
CREATE INDEX
ALTER TABLE
ALTER TABLE
ALTER TABLE
ALTER TABLE
ALTER TABLE
ALTER TABLE
ALTER TABLE
CREATE EXTENSION
ALTER TABLE
CREATE TYPE
CREATE TABLE
CREATE TABLE
CREATE INDEX
CREATE INDEX
CREATE INDEX
CREATE INDEX
CREATE INDEX
CREATE INDEX
ALTER TABLE
ALTER TABLE
ALTER TABLE
CREATE TYPE
CREATE TYPE
CREATE TABLE
CREATE INDEX
CREATE TYPE
CREATE TYPE
CREATE TYPE
CREATE TYPE
CREATE TABLE
CREATE TABLE
CREATE TABLE
CREATE TABLE
CREATE TABLE
CREATE TABLE
CREATE INDEX
CREATE INDEX
CREATE INDEX
CREATE INDEX
CREATE INDEX
CREATE INDEX
CREATE INDEX
ALTER TABLE
ALTER TABLE
ALTER TABLE
ALTER TABLE
ALTER TABLE
ALTER TABLE
ALTER TABLE
ALTER TABLE
ALTER TABLE
CREATE TYPE
ALTER TABLE
ALTER TABLE
ALTER TABLE
ALTER TABLE
CREATE INDEX
ALTER TABLE
CREATE TYPE
ALTER TABLE
CREATE TYPE
CREATE TYPE
CREATE TYPE
CREATE TABLE
CREATE TABLE
CREATE TABLE
CREATE TABLE
CREATE INDEX
CREATE INDEX
CREATE INDEX
CREATE INDEX
CREATE INDEX
CREATE INDEX
CREATE INDEX
CREATE INDEX
ALTER TABLE
ALTER TABLE
ALTER TABLE
ALTER TABLE
ALTER TABLE
ALTER TABLE
ALTER TABLE
ALTER TABLE
UPDATE 0
UPDATE 0
ALTER TABLE
ALTER TABLE
ALTER TABLE
ALTER TABLE
CREATE TYPE
CREATE TYPE
CREATE TYPE
CREATE TYPE
CREATE TABLE
CREATE INDEX
CREATE INDEX
CREATE INDEX
CREATE INDEX
ALTER TABLE
CREATE TYPE
CREATE TYPE
CREATE TABLE
CREATE TABLE
ALTER TABLE
CREATE INDEX
CREATE TABLE
CREATE INDEX
CREATE TABLE
ALTER TABLE
ALTER TABLE
CREATE INDEX
CREATE TABLE
CREATE INDEX
CREATE INDEX
CREATE TABLE
ALTER TABLE
CREATE INDEX
CREATE INDEX
ALTER TABLE
ALTER TABLE
ALTER TABLE
ALTER TABLE
ALTER TABLE
ALTER TABLE
ALTER TABLE
ALTER TABLE
ALTER TABLE
ALTER TABLE
CREATE TABLE
CREATE INDEX
CREATE INDEX
ALTER TABLE
ALTER TABLE
ALTER TABLE
ALTER TABLE
CREATE INDEX
ALTER TABLE
UPDATE 0
CREATE TABLE
CREATE INDEX
CREATE INDEX
ALTER TABLE
psql:packages/database/prisma/migrations/20260920000016_property_organization/migration.sql:14: NOTICE:  constraint "properties_organization_id_fkey" of relation "properties" does not exist, skipping
ALTER TABLE
ALTER TABLE
UPDATE 0
CREATE INDEX
DROP TABLE
CREATE TABLE
CREATE INDEX
CREATE INDEX
ALTER TABLE
ALTER TABLE
ALTER TABLE
CREATE TYPE
CREATE TYPE
CREATE TYPE
CREATE TABLE
ALTER TABLE
ALTER TABLE
ALTER TABLE
ALTER TABLE
ALTER TABLE
CREATE TYPE
CREATE TYPE
CREATE TYPE
ALTER TABLE
UPDATE 0
CREATE TABLE
CREATE TABLE
ALTER TABLE
ALTER TABLE
ALTER TABLE
ALTER TABLE
ALTER TABLE
ALTER TABLE
ALTER TABLE
ALTER TABLE
ALTER TABLE
ALTER TABLE
UPDATE 0
ALTER TABLE
ALTER TABLE
ALTER TABLE
ALTER TABLE
CREATE FUNCTION
CREATE TRIGGER
CREATE TABLE
CREATE TABLE
CREATE TABLE
CREATE TABLE
CREATE TABLE
CREATE TABLE
CREATE TABLE
CREATE INDEX
CREATE INDEX
CREATE INDEX
CREATE INDEX
CREATE INDEX
CREATE INDEX
CREATE INDEX
CREATE INDEX
CREATE INDEX
ALTER TABLE
ALTER TABLE
ALTER TABLE
ALTER TABLE
ALTER TABLE
ALTER TABLE
ALTER TABLE
ALTER TABLE
ALTER TABLE
ALTER TABLE
ALTER TABLE
ALTER TABLE
ALTER TABLE
ALTER TABLE
ALTER TABLE
ALTER TABLE
ALTER TABLE
ALTER TABLE
UPDATE 0
ALTER TABLE
ALTER TABLE
DROP INDEX
CREATE INDEX
ALTER TABLE
psql:packages/database/prisma/migrations/20260927000026_phase1_tenant_scope/migration.sql:23: NOTICE:  constraint "guests_organization_id_fkey" of relation "guests" does not exist, skipping
ALTER TABLE
ALTER TABLE
CREATE INDEX
UPDATE 0
ALTER TABLE
psql:packages/database/prisma/migrations/20260927000026_phase1_tenant_scope/migration.sql:57: NOTICE:  constraint "audit_logs_organization_id_fkey" of relation "audit_logs" does not exist, skipping
ALTER TABLE
ALTER TABLE
CREATE INDEX
ALTER TABLE
UPDATE 0
UPDATE 0
UPDATE 0
UPDATE 0
UPDATE 0
UPDATE 0
UPDATE 0
UPDATE 0
UPDATE 0
UPDATE 0
UPDATE 0
UPDATE 0
UPDATE 0
UPDATE 0
UPDATE 0
ALTER TABLE
ALTER TABLE
psql:packages/database/prisma/migrations/20260927000026_phase1_tenant_scope/migration.sql:161: NOTICE:  constraint "external_events_property_id_fkey" of relation "external_events" does not exist, skipping
ALTER TABLE
ALTER TABLE
CREATE INDEX
UPDATE 0
ALTER TABLE
psql:packages/database/prisma/migrations/20260927000026_phase1_tenant_scope/migration.sql:179: NOTICE:  constraint "channel_outbox_property_id_fkey" of relation "channel_outbox" does not exist, skipping
ALTER TABLE
ALTER TABLE
CREATE INDEX
UPDATE 0
DO
DO
CREATE FUNCTION
INSERT 0 0
UPDATE 0
ALTER TABLE
psql:packages/database/prisma/migrations/20260927000027_tenant_columns/migration.sql:26: NOTICE:  column "organization_id" of relation "guests" already exists, skipping
ALTER TABLE
DO
UPDATE 0
UPDATE 0
ALTER TABLE
ALTER TABLE
ALTER TABLE
ALTER TABLE
psql:packages/database/prisma/migrations/20260927000027_tenant_columns/migration.sql:73: NOTICE:  relation "guests_organization_id_idx" already exists, skipping
CREATE INDEX
psql:packages/database/prisma/migrations/20260927000027_tenant_columns/migration.sql:76: NOTICE:  column "organization_id" of relation "audit_logs" already exists, skipping
ALTER TABLE
ALTER TABLE
ALTER TABLE
DROP INDEX
CREATE INDEX
CREATE FUNCTION
ALTER TABLE
UPDATE 0
ALTER TABLE
CREATE FUNCTION
CREATE TRIGGER
CREATE FUNCTION
DO
ALTER TYPE
ALTER TABLE
DO
CREATE TYPE
CREATE TYPE
CREATE TYPE
CREATE TABLE
CREATE INDEX
ALTER TABLE
CREATE TABLE
CREATE INDEX
ALTER TABLE
ALTER TABLE
CREATE INDEX
ALTER TABLE
ALTER TABLE
INSERT 0 0
UPDATE 0
UPDATE 0
ALTER TABLE
CREATE POLICY
ALTER TABLE
CREATE POLICY
DROP INDEX
DROP INDEX
DROP INDEX
DROP INDEX
DROP INDEX
ALTER TABLE
ALTER TABLE
ALTER TABLE
ALTER TABLE
ALTER TABLE
DO
ALTER TABLE
DO
psql:packages/database/prisma/migrations/20260930000034_revoke_supabase_api_roles/migration.sql:32: NOTICE:  роли anon нет — это не Supabase, прав снимать нечего
psql:packages/database/prisma/migrations/20260930000034_revoke_supabase_api_roles/migration.sql:32: NOTICE:  роли authenticated нет — это не Supabase, прав снимать нечего
DO
DO
ALTER TABLE
ALTER TABLE
CREATE INDEX
ALTER TABLE
ALTER TABLE
ALTER TABLE
CREATE INDEX
CREATE FUNCTION
CREATE TRIGGER
CREATE FUNCTION
CREATE FUNCTION
ALTER TABLE
ALTER TABLE
CREATE INDEX
CREATE FUNCTION
CREATE TRIGGER
 seller_agents_backfill 
------------------------
                      0
(1 row)

CREATE FUNCTION
CREATE FUNCTION
CREATE FUNCTION
CREATE FUNCTION
CREATE FUNCTION
 seller_scope_assert 
---------------------
 t
(1 row)

 seller_agents_backfill 
------------------------
                      0
(1 row)

 seller_scope_assert 
---------------------
 t
(1 row)

ALTER TABLE
ALTER TABLE
CREATE INDEX
CREATE FUNCTION
CREATE TRIGGER
CREATE TABLE
CREATE INDEX
ALTER TABLE
ALTER TABLE
CREATE INDEX
ALTER TABLE
CREATE POLICY
DO
 seller_scope_assert 
---------------------
 t
(1 row)

DO
ALTER TABLE
ALTER TABLE
DROP INDEX
ALTER TABLE
CREATE INDEX
ALTER TABLE
CREATE INDEX
ALTER TABLE
ALTER TABLE
UPDATE 0
CREATE TYPE
CREATE TABLE
CREATE INDEX
CREATE TABLE
CREATE INDEX
CREATE INDEX
CREATE FUNCTION
CREATE TRIGGER
ALTER TABLE
CREATE POLICY
ALTER TABLE
CREATE POLICY
CREATE TABLE
CREATE INDEX
ALTER TABLE
CREATE POLICY
DO
DO
CREATE TYPE
CREATE TYPE
CREATE TYPE
CREATE TABLE
CREATE INDEX
CREATE INDEX
CREATE TABLE
CREATE INDEX
CREATE TABLE
CREATE INDEX
CREATE INDEX
CREATE TABLE
CREATE INDEX
CREATE TABLE
CREATE INDEX
CREATE TABLE
CREATE INDEX
CREATE TABLE
CREATE INDEX
CREATE TABLE
CREATE INDEX
CREATE INDEX
CREATE TABLE
CREATE INDEX
CREATE TABLE
CREATE INDEX
CREATE INDEX
CREATE INDEX
ALTER TABLE
CREATE FUNCTION
CREATE TRIGGER
CREATE FUNCTION
CREATE TRIGGER
CREATE FUNCTION
CREATE TRIGGER
CREATE FUNCTION
CREATE TRIGGER
CREATE FUNCTION
CREATE TRIGGER
CREATE FUNCTION
CREATE TRIGGER
ALTER TABLE
CREATE POLICY
ALTER TABLE
CREATE POLICY
ALTER TABLE
CREATE POLICY
ALTER TABLE
CREATE POLICY
ALTER TABLE
CREATE POLICY
ALTER TABLE
CREATE POLICY
ALTER TABLE
CREATE POLICY
ALTER TABLE
CREATE POLICY
ALTER TABLE
CREATE POLICY
ALTER TABLE
CREATE POLICY
CREATE TYPE
CREATE TABLE
CREATE INDEX
CREATE INDEX
CREATE TABLE
CREATE INDEX
CREATE INDEX
ALTER TABLE
CREATE POLICY
ALTER TABLE
CREATE POLICY
DO
CREATE TYPE
CREATE TABLE
CREATE INDEX
CREATE INDEX
CREATE INDEX
ALTER TABLE
CREATE POLICY
CREATE TYPE
CREATE TABLE
CREATE INDEX
CREATE INDEX
CREATE INDEX
ALTER TABLE
CREATE POLICY
CREATE TABLE
CREATE INDEX
CREATE INDEX
ALTER TABLE
CREATE POLICY
CREATE TYPE
CREATE TABLE
CREATE INDEX
CREATE INDEX
CREATE INDEX
ALTER TABLE
CREATE POLICY
ALTER TABLE
ALTER TABLE
CREATE TYPE
CREATE TYPE
CREATE TABLE
CREATE INDEX
CREATE TABLE
CREATE INDEX
CREATE INDEX
CREATE INDEX
CREATE TABLE
CREATE INDEX
CREATE TABLE
CREATE INDEX
CREATE INDEX
CREATE TABLE
CREATE INDEX
CREATE TABLE
CREATE INDEX
CREATE INDEX
CREATE TABLE
CREATE INDEX
CREATE INDEX
CREATE TABLE
CREATE INDEX
CREATE INDEX
CREATE TYPE
CREATE TABLE
CREATE INDEX
CREATE INDEX
CREATE INDEX
CREATE INDEX
CREATE TABLE
CREATE INDEX
CREATE FUNCTION
CREATE TRIGGER
CREATE TRIGGER
ALTER TABLE
ALTER TABLE
ALTER TABLE
ALTER TABLE
ALTER TABLE
ALTER TABLE
ALTER TABLE
ALTER TABLE
ALTER TABLE
ALTER TABLE
CREATE POLICY
CREATE POLICY
CREATE POLICY
CREATE POLICY
CREATE POLICY
CREATE POLICY
CREATE POLICY
CREATE POLICY
CREATE POLICY
CREATE POLICY
ALTER TYPE
CREATE TABLE
ALTER TABLE
CREATE POLICY
DO
ALTER TABLE
ALTER TABLE
ALTER TABLE
ALTER TABLE
ALTER TABLE
ALTER TABLE
ALTER TABLE
ALTER TABLE
ALTER TABLE
ALTER TABLE
CREATE FUNCTION
DO
DO
CREATE FUNCTION
CREATE FUNCTION
CREATE FUNCTION
DO
CREATE TRIGGER
CREATE TRIGGER
CREATE TRIGGER
CREATE TRIGGER
CREATE TRIGGER
CREATE TRIGGER
CREATE TRIGGER
CREATE TRIGGER
CREATE TRIGGER
CREATE TRIGGER
CREATE TRIGGER
CREATE TRIGGER
CREATE TRIGGER
DO
CREATE FUNCTION
CREATE FUNCTION
DO
CREATE TRIGGER
CREATE TRIGGER
CREATE TRIGGER
CREATE TRIGGER
CREATE TRIGGER
CREATE TRIGGER
CREATE TRIGGER
CREATE TYPE
CREATE TYPE
CREATE TABLE
CREATE TABLE
CREATE TABLE
CREATE TABLE
CREATE TABLE
CREATE INDEX
CREATE INDEX
CREATE INDEX
CREATE INDEX
CREATE INDEX
CREATE INDEX
CREATE INDEX
CREATE INDEX
CREATE INDEX
ALTER TABLE
ALTER TABLE
ALTER TABLE
ALTER TABLE
ALTER TABLE
ALTER TABLE
ALTER TABLE
ALTER TABLE
ALTER TABLE
ALTER TABLE
ALTER TABLE
ALTER TABLE
ALTER TABLE
ALTER TABLE
CREATE FUNCTION
CREATE FUNCTION
DO
CREATE TRIGGER
CREATE TRIGGER
CREATE POLICY
CREATE POLICY
CREATE POLICY
CREATE POLICY
CREATE POLICY
DO
CREATE TYPE
CREATE TYPE
CREATE TABLE
CREATE TABLE
CREATE INDEX
CREATE INDEX
CREATE INDEX
ALTER TABLE
ALTER TABLE
ALTER TABLE
ALTER TABLE
ALTER TABLE
ALTER TABLE
ALTER TABLE
ALTER TABLE
ALTER TABLE
CREATE INDEX
CREATE INDEX
ALTER TABLE
CREATE FUNCTION
CREATE FUNCTION
CREATE FUNCTION
DO
CREATE TRIGGER
CREATE TRIGGER
CREATE TRIGGER
ALTER TABLE
ALTER TABLE
ALTER TABLE
ALTER TABLE
CREATE POLICY
CREATE POLICY
GRANT
REVOKE
GRANT
REVOKE
объект 51e1c540-3cdd-43b4-906b-5fab1bac919a, новых единиц 88, новых цен 2580, новых проживаний 10
