
> pms-lux@0.0.0 test:record
> tsx tests/tools/cli-record.ts e2e --note Full isolated browser regression on separate fresh database pmsbar_e2e

▶ Сквозные (e2e) — нужно: dev-БД, API :3001 и стойка :3000 (Playwright поднимает сам или берёт уже запущенные)
  npx playwright test --workers=2 --reporter=list,json

[WebServer] (node:81887) Warning: The 'NO_COLOR' env is ignored due to the 'FORCE_COLOR' env being set.
[WebServer] (Use `node --trace-warnings ...` to show where the warning was created)
[WebServer] (node:81888) Warning: The 'NO_COLOR' env is ignored due to the 'FORCE_COLOR' env being set.
[WebServer] (Use `node --trace-warnings ...` to show where the warning was created)
[WebServer] (node:81889) Warning: The 'NO_COLOR' env is ignored due to the 'FORCE_COLOR' env being set.
[WebServer] (Use `node --trace-warnings ...` to show where the warning was created)
[WebServer] (node:81918) Warning: The 'NO_COLOR' env is ignored due to the 'FORCE_COLOR' env being set.
[WebServer] (Use `node --trace-warnings ...` to show where the warning was created)
[WebServer] ⨯ Error: Войдите в систему
[WebServer]     at h (.next/server/chunks/ssr/apps_web_src_lib_api_ts_04k3wxg._.js:1:1730)
[WebServer]     at async Object.me (.next/server/chunks/ssr/apps_web_src_lib_api_ts_04k3wxg._.js:1:4150) {
[WebServer]   status: 401,
[WebServer]   digest: 'API_401'
[WebServer] }
[pms_test] миграций применено 67 из 67; данные скопированы сейчас
[WebServer] ⨯ Error: Войдите в систему
[WebServer]     at h (.next/server/chunks/ssr/apps_web_src_lib_api_ts_04k3wxg._.js:1:1730)
[WebServer]     at async Object.me (.next/server/chunks/ssr/apps_web_src_lib_api_ts_04k3wxg._.js:1:4150) {
[WebServer]   status: 401,
[WebServer]   digest: 'API_401'
[WebServer] }
[WebServer] ⨯ Error: Войдите в систему
[WebServer]     at h (.next/server/chunks/ssr/apps_web_src_lib_api_ts_04k3wxg._.js:1:1730)
[WebServer]     at async Object.me (.next/server/chunks/ssr/apps_web_src_lib_api_ts_04k3wxg._.js:1:4150) {
[WebServer]   status: 401,
[WebServer]   digest: 'API_401'
[WebServer] }
[WebServer] ⨯ Error: Войдите в систему
[WebServer]     at h (.next/server/chunks/ssr/apps_web_src_lib_api_ts_04k3wxg._.js:1:1730)
[WebServer]     at async Object.me (.next/server/chunks/ssr/apps_web_src_lib_api_ts_04k3wxg._.js:1:4150) {
[WebServer]   status: 401,
[WebServer]   digest: 'API_401'
[WebServer] }
[WebServer] ⨯ Error: Войдите в систему
[WebServer]     at h (.next/server/chunks/ssr/apps_web_src_lib_api_ts_04k3wxg._.js:1:1730)
[WebServer]     at async Object.me (.next/server/chunks/ssr/apps_web_src_lib_api_ts_04k3wxg._.js:1:4150) {
[WebServer]   status: 401,
[WebServer]   digest: 'API_401'
[WebServer] }

Running 26 tests using 2 workers

(node:81923) Warning: The 'NO_COLOR' env is ignored due to the 'FORCE_COLOR' env being set.
(Use `node --trace-warnings ...` to show where the warning was created)
  ✓   1 [schema-guard] › tests/e2e/_schema-guard.setup.ts:7:1 › API тестов работает в pms_test, а не в рабочих данных (150ms)
(node:81926) Warning: The 'NO_COLOR' env is ignored due to the 'FORCE_COLOR' env being set.
(Use `node --trace-warnings ...` to show where the warning was created)
  ✓   2 [auth] › tests/e2e/_auth.setup.ts:21:1 › вход сотрудника автотестов: замок включён, сессия и филиал в cookie стойки (947ms)
(node:81935) Warning: The 'NO_COLOR' env is ignored due to the 'FORCE_COLOR' env being set.
(Use `node --trace-warnings ...` to show where the warning was created)
(node:81934) Warning: The 'NO_COLOR' env is ignored due to the 'FORCE_COLOR' env being set.
(Use `node --trace-warnings ...` to show where the warning was created)
[WebServer] (node:81888) DeprecationWarning: Calling client.query() when the client is already executing a query is deprecated and will be removed in pg@9.0. Use async/await or an external async flow control mechanism instead.
  ✓   4 [isolated] › tests/e2e/cancellation-penalty.spec.ts:27:1 › отмена заранее — без штрафа, незаезд — со штрафом за первую ночь, стойка может его снять (7.3s)
[WebServer] ⨯ Error: The destination stream closed early.
[WebServer]     at ignore-listed frames {
[WebServer]   digest: '2657171947'
[WebServer] }
  ✓   3 [isolated] › tests/e2e/check-in-out.spec.ts:21:1 › заселить → карточка и шахматка показывают «заселён» → выселить; незаезд освобождает ячейку (11.7s)
  ✓   5 [isolated] › tests/e2e/chessboard-drag.spec.ts:26:1 › перетаскивание клетки брони на свободную койку той же категории переселяет с даты клетки (11.0s)
[WebServer] ⨯ Error: The destination stream closed early.
[WebServer]     at ignore-listed frames {
[WebServer]   digest: '2657171947'
[WebServer] }
[WebServer] ⨯ Error: The destination stream closed early.
[WebServer]     at ignore-listed frames {
[WebServer]   digest: '2657171947'
[WebServer] }
  ✓   7 [isolated] › tests/e2e/chessboard.spec.ts:13:1 › шахматка показывает 88 ячеек, и занятость на экране совпадает с данными (2.4s)
  ✓   8 [isolated] › tests/e2e/chessboard.spec.ts:36:1 › щелчок по занятой клетке — предпросмотр, двойной — карточка брони с проживаниями (8.1s)
[WebServer] ⨯ Error: The destination stream closed early.
[WebServer]     at ignore-listed frames {
[WebServer]   digest: '2657171947'
[WebServer] }
[WebServer] ⨯ Error: The destination stream closed early.
[WebServer]     at ignore-listed frames {
[WebServer]   digest: '2657171947'
[WebServer] }
  ✓   6 [isolated] › tests/e2e/chessboard-unassigned.spec.ts:29:1 › бронь без ячейки видна в блоке «Без ячейки» над сеткой, после отмены исчезает (19.0s)
  ✓   9 [isolated] › tests/e2e/desk-day.spec.ts:16:1 › главная открывается с корня; заезд на дату виден в счётчике и в «Требуют внимания» (7.4s)
  ✓  10 [isolated] › tests/e2e/desk-edit.spec.ts:28:1 › групповая бронь на 2 койки → две клетки шахматки; правка заметок, источника и гостей; ручное закрытие счёта (9.3s)
  ✓  11 [isolated] › tests/e2e/desk-tasks.spec.ts:28:1 › стойка: занятую койку не продать дважды, «+ 1 ночь» и переселение с пересчётом (5.5s)
  ✓  12 [isolated] › tests/e2e/finance.spec.ts:30:1 › счёт на проживание: начисления, оплата, возврат и сторно сходятся в баланс (6.1s)
  ✓  14 [isolated] › tests/e2e/incidents.spec.ts:76:1 › неисправность на экране: «Принято» — сторож больше не будит, «Решено» — закрыта вручную (2.2s)
  ✓  13 [isolated] › tests/e2e/full-day.spec.ts:26:1 › сутки гостя целиком: заезд, услуга на счёт, оплата, выезд — счёт сходится (7.2s)
  ✓  15 [isolated] › tests/e2e/inventory.spec.ts:4:1 › страница «Номерной фонд» показывает 88 единиц и сводку 16 / 72 / 92 (1.2s)
  ✓  17 [isolated] › tests/e2e/inventory.spec.ts:20:1 › фильтр по категории оставляет только её единицы (673ms)
  ✓  18 [isolated] › tests/e2e/print-and-journal.spec.ts:5:1 › регистрационная карта печатается на RU и KZ; журнал показывает действия (3.0s)
  ✓  16 [isolated] › tests/e2e/manual-reservation.spec.ts:13:1 › создать бронь с ячейкой → видна в календаре → отменить → ячейка свободна (5.9s)
  ✓  19 [isolated] › tests/e2e/print-forms.spec.ts:29:1 › договор и счёт печатаются на RU и KZ: номер брони, плашка заготовки, ссылки с карточки (6.6s)
  ✓  20 [isolated] › tests/e2e/stay-extras.spec.ts:25:1 › поздний выезд и ранний заезд начисляются на счёт как половина ночи (7.6s)
[WebServer] ⨯ Error: The destination stream closed early.
[WebServer]     at ignore-listed frames {
[WebServer]   digest: '2657171947'
[WebServer] }
  ✓  21 [isolated] › tests/e2e/unit-blocks.spec.ts:28:1 › заблокировать свободную койку на 2 ночи → шахматка красит, свободных −1 → снять → как было; уборка (5.1s)
  ✓  22 [isolated] › tests/e2e/web-analytics.spec.ts:72:1 › три сессии двух посетителей доходят до приёмника и сходятся в отчёте (3.0s)
[WebServer] ⨯ Error: The destination stream closed early.
[WebServer]     at ignore-listed frames {
[WebServer]   digest: '2657171947'
[WebServer] }
  ✓  23 [isolated] › tests/e2e/web-booking.spec.ts:48:1 › виджет: цены на завтра, бронь одноместной, номер, карточка в PMS с источником «сайт» (1.7s)
  ✓  25 [isolated] › tests/e2e/web-booking.spec.ts:103:1 › аналитика: бронь связана с сессией счётчика — «брони с сайта» 1 (791ms)
  ✓  24 [isolated] › tests/e2e/web-analytics.spec.ts:184:1 › настройки сайта: код с ключом, «Проверить счётчик» видит события (1.6s)
  ✓  26 [isolated] › tests/e2e/web-analytics.spec.ts:199:1 › демо-страница на адресе API: просмотры и клики доходят и видны в отчёте (1.4s)
[уборка e2e] Броней автотестов с активными проживаниями: 0 (кандидатов по фамилии было 4)
  свежих, моложе 15 мин, оставлено: 4 — уберёт следующая уборка
Освобождено броней: 0
Блоков соседних ночей от тестовых броней: 0 — сняты
Блокировок от автотестов: 0 — сняты
Сайтов со счётчиком от автотестов: 0 — удалены

  26 passed (1.3m)

■ e2e: ✅ 26 из 26 · 1 мин 18 с
  лог: tests/runs/logs/2026-10-07T12-26-25Z-e2e-67c7.log
  журнал: tests/runs/JOURNAL.md · что доказано: npm run test:status
