
> pms-lux@0.0.0 test:record
> tsx tests/tools/cli-record.ts e2e --note BAR acceptance full isolated browser regression

▶ Сквозные (e2e) — нужно: dev-БД, API :3001 и стойка :3000 (Playwright поднимает сам или берёт уже запущенные)
  npx playwright test --workers=2 --reporter=list,json

[WebServer] (node:65553) Warning: The 'NO_COLOR' env is ignored due to the 'FORCE_COLOR' env being set.
[WebServer] (Use `node --trace-warnings ...` to show where the warning was created)
[WebServer] (node:65677) Warning: The 'NO_COLOR' env is ignored due to the 'FORCE_COLOR' env being set.
[WebServer] (Use `node --trace-warnings ...` to show where the warning was created)
[WebServer] (node:67034) Warning: The 'NO_COLOR' env is ignored due to the 'FORCE_COLOR' env being set.
[WebServer] (Use `node --trace-warnings ...` to show where the warning was created)
[WebServer] (node:67282) Warning: The 'NO_COLOR' env is ignored due to the 'FORCE_COLOR' env being set.
[WebServer] (Use `node --trace-warnings ...` to show where the warning was created)
[WebServer] ⨯ Error: Войдите в систему
[WebServer]     at h (.next/server/chunks/ssr/apps_web_src_lib_api_ts_04k3wxg._.js:1:1730)
[WebServer]     at async Object.me (.next/server/chunks/ssr/apps_web_src_lib_api_ts_04k3wxg._.js:1:4150) {
[WebServer]   status: 401,
[WebServer]   digest: 'API_401'
[WebServer] }
[pms_test] миграций применено 0 из 67; данные от 2026-10-07T12:02:40.061Z (сид)
[WebServer] ⨯ Error: Войдите в систему
[WebServer]     at h (.next/server/chunks/ssr/apps_web_src_lib_api_ts_04k3wxg._.js:1:1730)
[WebServer]     at async Object.me (.next/server/chunks/ssr/apps_web_src_lib_api_ts_04k3wxg._.js:1:4150) {
[WebServer]   status: 401,
[WebServer]   digest: 'API_401'
[WebServer] }
[WebServer] ⨯ Error: Войдите в систему
[WebServer]     at h (.next/server/chunks/ssr/apps_web_src_lib_api_ts_04k3wxg._.js:1:1730)
[WebServer]     at async Object.me (.next/server/chunks/ssr/apps_web_src_lib_api_ts_04k3wxg._.js:1:4150) {
[WebServer]   status: 401,
[WebServer]   digest: 'API_401'
[WebServer] }
[WebServer] ⨯ Error: Войдите в систему
[WebServer]     at h (.next/server/chunks/ssr/apps_web_src_lib_api_ts_04k3wxg._.js:1:1730)
[WebServer]     at async Object.me (.next/server/chunks/ssr/apps_web_src_lib_api_ts_04k3wxg._.js:1:4150) {
[WebServer]   status: 401,
[WebServer]   digest: 'API_401'
[WebServer] }
[WebServer] ⨯ Error: Войдите в систему
[WebServer]     at h (.next/server/chunks/ssr/apps_web_src_lib_api_ts_04k3wxg._.js:1:1730)
[WebServer]     at async Object.me (.next/server/chunks/ssr/apps_web_src_lib_api_ts_04k3wxg._.js:1:4150) {
[WebServer]   status: 401,
[WebServer]   digest: 'API_401'
[WebServer] }

Running 26 tests using 2 workers

(node:68197) Warning: The 'NO_COLOR' env is ignored due to the 'FORCE_COLOR' env being set.
(Use `node --trace-warnings ...` to show where the warning was created)
  ✓   1 [schema-guard] › tests/e2e/_schema-guard.setup.ts:7:1 › API тестов работает в pms_test, а не в рабочих данных (368ms)
(node:68524) Warning: The 'NO_COLOR' env is ignored due to the 'FORCE_COLOR' env being set.
(Use `node --trace-warnings ...` to show where the warning was created)
  ✓   2 [auth] › tests/e2e/_auth.setup.ts:21:1 › вход сотрудника автотестов: замок включён, сессия и филиал в cookie стойки (2.8s)
(node:69149) Warning: The 'NO_COLOR' env is ignored due to the 'FORCE_COLOR' env being set.
(Use `node --trace-warnings ...` to show where the warning was created)
(node:69148) Warning: The 'NO_COLOR' env is ignored due to the 'FORCE_COLOR' env being set.
(Use `node --trace-warnings ...` to show where the warning was created)
[WebServer] (node:65677) DeprecationWarning: Calling client.query() when the client is already executing a query is deprecated and will be removed in pg@9.0. Use async/await or an external async flow control mechanism instead.
  ✓   3 [isolated] › tests/e2e/cancellation-penalty.spec.ts:27:1 › отмена заранее — без штрафа, незаезд — со штрафом за первую ночь, стойка может его снять (10.7s)
  ✓   4 [isolated] › tests/e2e/check-in-out.spec.ts:21:1 › заселить → карточка и шахматка показывают «заселён» → выселить; незаезд освобождает ячейку (18.9s)
  ✓   5 [isolated] › tests/e2e/chessboard-drag.spec.ts:26:1 › перетаскивание клетки брони на свободную койку той же категории переселяет с даты клетки (9.2s)
  ✓   7 [isolated] › tests/e2e/chessboard.spec.ts:13:1 › шахматка показывает 88 ячеек, и занятость на экране совпадает с данными (1.6s)
  ✓   8 [isolated] › tests/e2e/chessboard.spec.ts:36:1 › щелчок по занятой клетке — предпросмотр, двойной — карточка брони с проживаниями (4.0s)
  ✓   6 [isolated] › tests/e2e/chessboard-unassigned.spec.ts:29:1 › бронь без ячейки видна в блоке «Без ячейки» над сеткой, после отмены исчезает (9.7s)
[WebServer] ⨯ Error: The destination stream closed early.
[WebServer]     at ignore-listed frames {
[WebServer]   digest: '2657171947'
[WebServer] }
  ✓   9 [isolated] › tests/e2e/desk-day.spec.ts:16:1 › главная открывается с корня; заезд на дату виден в счётчике и в «Требуют внимания» (10.8s)
  ✓  10 [isolated] › tests/e2e/desk-edit.spec.ts:28:1 › групповая бронь на 2 койки → две клетки шахматки; правка заметок, источника и гостей; ручное закрытие счёта (10.8s)
  ✓  11 [isolated] › tests/e2e/desk-tasks.spec.ts:28:1 › стойка: занятую койку не продать дважды, «+ 1 ночь» и переселение с пересчётом (10.6s)
  ✓  12 [isolated] › tests/e2e/finance.spec.ts:30:1 › счёт на проживание: начисления, оплата, возврат и сторно сходятся в баланс (11.0s)
  ✓  14 [isolated] › tests/e2e/incidents.spec.ts:76:1 › неисправность на экране: «Принято» — сторож больше не будит, «Решено» — закрыта вручную (3.3s)
  ✓  13 [isolated] › tests/e2e/full-day.spec.ts:26:1 › сутки гостя целиком: заезд, услуга на счёт, оплата, выезд — счёт сходится (10.6s)
  ✓  16 [isolated] › tests/e2e/manual-reservation.spec.ts:13:1 › создать бронь с ячейкой → видна в календаре → отменить → ячейка свободна (4.2s)
  ✓  17 [isolated] › tests/e2e/print-and-journal.spec.ts:5:1 › регистрационная карта печатается на RU и KZ; журнал показывает действия (2.2s)
[WebServer] ⨯ Error: The destination stream closed early.
[WebServer]     at ignore-listed frames {
[WebServer]   digest: '2657171947'
[WebServer] }
  ✓  18 [isolated] › tests/e2e/print-forms.spec.ts:29:1 › договор и счёт печатаются на RU и KZ: номер брони, плашка заготовки, ссылки с карточки (4.1s)
  ✓  19 [isolated] › tests/e2e/stay-extras.spec.ts:25:1 › поздний выезд и ранний заезд начисляются на счёт как половина ночи (3.5s)
[WebServer] ⨯ Error: The destination stream closed early.
[WebServer]     at ignore-listed frames {
[WebServer]   digest: '2657171947'
[WebServer] }
  ✓  20 [isolated] › tests/e2e/unit-blocks.spec.ts:28:1 › заблокировать свободную койку на 2 ночи → шахматка красит, свободных −1 → снять → как было; уборка (2.5s)
  ✓  21 [isolated] › tests/e2e/web-analytics.spec.ts:72:1 › три сессии двух посетителей доходят до приёмника и сходятся в отчёте (1.9s)
  ✓  22 [isolated] › tests/e2e/web-analytics.spec.ts:184:1 › настройки сайта: код с ключом, «Проверить счётчик» видит события (742ms)
  ✓  23 [isolated] › tests/e2e/web-analytics.spec.ts:199:1 › демо-страница на адресе API: просмотры и клики доходят и видны в отчёте (1.5s)
  ✓  24 [isolated] › tests/e2e/web-booking.spec.ts:48:1 › виджет: цены на завтра, бронь одноместной, номер, карточка в PMS с источником «сайт» (1.3s)
  ✓  25 [isolated] › tests/e2e/web-booking.spec.ts:103:1 › аналитика: бронь связана с сессией счётчика — «брони с сайта» 1 (412ms)
  ✘  15 [isolated] › tests/e2e/inventory.spec.ts:4:1 › страница «Номерной фонд» показывает 88 единиц и сводку 16 / 72 / 92 (31.0s)
(node:76525) Warning: The 'NO_COLOR' env is ignored due to the 'FORCE_COLOR' env being set.
(Use `node --trace-warnings ...` to show where the warning was created)
  ✘  26 [isolated] › tests/e2e/inventory.spec.ts:20:1 › фильтр по категории оставляет только её единицы (173ms)
[уборка e2e] Броней автотестов с активными проживаниями: 0 (кандидатов по фамилии было 4)
  свежих, моложе 15 мин, оставлено: 4 — уберёт следующая уборка
Освобождено броней: 0
Блоков соседних ночей от тестовых броней: 0 — сняты
Блокировок от автотестов: 0 — сняты
Сайтов со счётчиком от автотестов: 0 — удалены


  1) [isolated] › tests/e2e/inventory.spec.ts:4:1 › страница «Номерной фонд» показывает 88 единиц и сводку 16 / 72 / 92 

    Error: expect(locator).toHaveText(expected) failed

    Locator:  getByRole('main').getByTestId('inventory-summary').getByTestId('total-units')
    Expected: "88"
    Received: "89"
    Timeout:  30000ms

    Call log:
      - Expect "toHaveText" getByRole('main').getByTestId('inventory-summary').getByTestId('total-units') with timeout 30000ms
      - waiting for getByRole('main').getByTestId('inventory-summary').getByTestId('total-units')
        63 × locator resolved to <dd data-testid="total-units">89</dd>
           - unexpected value "89"


       7 |
       8 |   const summary = page.getByRole('main').getByTestId('inventory-summary');
    >  9 |   await expect(summary.getByTestId('total-units')).toHaveText('88');
         |                                                    ^
      10 |   await expect(summary.getByTestId('rooms')).toHaveText('16');
      11 |   await expect(summary.getByTestId('beds')).toHaveText('72');
      12 |   await expect(summary.getByTestId('max-guests')).toHaveText('92');
        at /Users/urijzapojnov/wetop-bar-acceptance-20261007-src/tests/e2e/inventory.spec.ts:9:52

    Error Context: test-results/inventory-страница-«Номерн-02b40-88-единиц-и-сводку-16-72-92-isolated/error-context.md

    attachment #2: trace (application/zip) ─────────────────────────────────────────────────────────
    test-results/inventory-страница-«Номерн-02b40-88-единиц-и-сводку-16-72-92-isolated/trace.zip
    Usage:

        npx playwright show-trace test-results/inventory-страница-«Номерн-02b40-88-единиц-и-сводку-16-72-92-isolated/trace.zip

    ────────────────────────────────────────────────────────────────────────────────────────────────

  2) [isolated] › tests/e2e/inventory.spec.ts:20:1 › фильтр по категории оставляет только её единицы 

    Error: expect(received).toBeDefined()

    Received: undefined

      25 |   };
      26 |   const double = summary.byCategory.find((c) => c.units === 4 && /двухместн/i.test(c.name))!;
    > 27 |   expect(double).toBeDefined();
         |                  ^
      28 |   await page.goto(`/inventory?category=${encodeURIComponent(double.code)}`);
      29 |   await expect(page.getByRole('main').getByTestId('unit-row')).toHaveCount(4);
      30 |   // с PR #66 по умолчанию список; группа с именем категории — в виде карточками
        at /Users/urijzapojnov/wetop-bar-acceptance-20261007-src/tests/e2e/inventory.spec.ts:27:18

    Error Context: test-results/inventory-фильтр-по-категории-оставляет-только-её-единицы-isolated/error-context.md

    attachment #2: trace (application/zip) ─────────────────────────────────────────────────────────
    test-results/inventory-фильтр-по-категории-оставляет-только-её-единицы-isolated/trace.zip
    Usage:

        npx playwright show-trace test-results/inventory-фильтр-по-категории-оставляет-только-её-единицы-isolated/trace.zip

    ────────────────────────────────────────────────────────────────────────────────────────────────

  2 failed
    [isolated] › tests/e2e/inventory.spec.ts:4:1 › страница «Номерной фонд» показывает 88 единиц и сводку 16 / 72 / 92 
    [isolated] › tests/e2e/inventory.spec.ts:20:1 › фильтр по категории оставляет только её единицы 
  24 passed (1.8m)

■ e2e: ❌ упало 2 из 26 · 1 мин 48 с
  лог: tests/runs/logs/2026-10-07T12-21-36Z-e2e-b167.log
  журнал: tests/runs/JOURNAL.md · что доказано: npm run test:status
