Миграций: 73
ok   вся цепочка легла на пустую базу
ok   schema.prisma описывает ровно ту базу, что строят миграции
ok   20260907000001_init_inventory — откат вернул схему в прежнее состояние
ok   20260908000002_reservations_guests — откат вернул схему в прежнее состояние
ok   20260909000003_rates_and_overbooking_guard — откат вернул схему в прежнее состояние
ok   20260909000004_channel_mapping_external_events — откат вернул схему в прежнее состояние
ok   20260909000005_channel_outbox — откат вернул схему в прежнее состояние
ok   20260909000006_folio_payments — откат вернул схему в прежнее состояние
ok   20260910000007_stay_rate_plan_and_penalty — откат вернул схему в прежнее состояние
ok   20260910000008_external_event_received_via — откат вернул схему в прежнее состояние
ok   20260912000009_web_analytics — откат вернул схему в прежнее состояние
ok   20260912000010_web_booking — откат вернул схему в прежнее состояние
ok   20260913000011_citizenship_alpha3 — откат вернул схему в прежнее состояние
ok   20260913000012_system_incidents — откат вернул схему в прежнее состояние
ok   20260915000013_accounts — откат вернул схему в прежнее состояние
ok   20260915000014_password_login — откат вернул схему в прежнее состояние
ok   20260916000014_session_token_hash — откат вернул схему в прежнее состояние
ok   20260920000015_email_verification — откат вернул схему в прежнее состояние
ok   20260920000016_property_organization — откат вернул схему в прежнее состояние
ok   20260920000017_drop_login_codes — откат вернул схему в прежнее состояние
ok   20260924000018_user_errors — откат вернул схему в прежнее состояние
ok   20260924000019_seller_profiles — откат вернул схему в прежнее состояние
ok   20260925000020_access_extensions — откат вернул схему в прежнее состояние
ok   20260925000021_v17_document_dates_property_contacts — откат вернул схему в прежнее состояние
ok   20260925000022_integrity_guards — откат вернул схему в прежнее состояние
ok   20260926000023_seller_wizard — откат вернул схему в прежнее состояние
ok   20260926000024_seller_prompt_text — откат вернул схему в прежнее состояние
ok   20260926000025_unit_code_per_property — откат вернул схему в прежнее состояние
ok   20260927000026_phase1_tenant_scope — откат вернул схему в прежнее состояние
ok   20260927000026_rls_roles — откат вернул схему в прежнее состояние
ok   20260927000027_tenant_columns — откат вернул схему в прежнее состояние
ok   20260927000028_rls_policies — откат вернул схему в прежнее состояние
ok   20260927000029_manager_role — откат вернул схему в прежнее состояние
ok   20260927000030_platform_p1_business_location — откат вернул схему в прежнее состояние
ok   20260928000031_remove_legacy_pms_fields — откат вернул схему в прежнее состояние
ok   20260928000032_platform_p1_location_not_null — откат вернул схему в прежнее состояние
ok   20260929000033_rls_credential_grants — откат вернул схему в прежнее состояние
ok   20260930000034_revoke_supabase_api_roles — откат вернул схему в прежнее состояние
ok   20260930000035_business_agent_identity — откат вернул схему в прежнее состояние
ok   20260930000036_seller_agent_scope_expand — откат вернул схему в прежнее состояние
ok   20260930000037_direct_sales_discounts — откат вернул схему в прежнее состояние
ok   20260930000038_rls_integration_grants — откат вернул схему в прежнее состояние
ok   20260930000039_seller_profile_agent_key — откат вернул схему в прежнее состояние
ok   20261001000040_reservation_creation_key — откат вернул схему в прежнее состояние
ok   20261001000041_channex_property_metadata — откат вернул схему в прежнее состояние
ok   20261002000040_cashbox — откат вернул схему в прежнее состояние
ok   20261002000041_cash_reconciliations — откат вернул схему в прежнее состояние
ok   20261002000042_users_last_login_grant — откат вернул схему в прежнее состояние
ok   20261003000043_function_search_path — откат вернул схему в прежнее состояние
ok   20261003000044_beauty_domain — откат вернул схему в прежнее состояние
ok   20261003000044_competitor_occupancy — откат вернул схему в прежнее состояние
ok   20261003000045_beauty_function_search_path — откат вернул схему в прежнее состояние
ok   20261003000046_payment_requests — откат вернул схему в прежнее состояние
ok   20261003000047_seller_booking_intents — откат вернул схему в прежнее состояние
ok   20261003000048_fiscal_receipts — откат вернул схему в прежнее состояние
ok   20261003000049_desk_tasks — откат вернул схему в прежнее состояние
ok   20261003000050_membership_contacts — откат вернул схему в прежнее состояние
ok   20261004000051_bar_inventory — откат вернул схему в прежнее состояние
ok   20261004000051_food_service_vertical — откат вернул схему в прежнее состояние
ok   20261004000052_onboarding_progress — откат вернул схему в прежнее состояние
ok   20261005000053_bar_function_search_path — откат вернул схему в прежнее состояние
ok   20261005000054_bar_force_rls — откат вернул схему в прежнее состояние
ok   20261005000055_bar_property_guard_dispatch — откат вернул схему в прежнее состояние
ok   20261005000056_bar_ownership_guards — откат вернул схему в прежнее состояние
ok   20261005000057_bar_external_parent_guards — откат вернул схему в прежнее состояние
ok   20261005000058_food_service_domain — откат вернул схему в прежнее состояние
ok   20261005000059_food_service_grants — откат вернул схему в прежнее состояние
ok   20261006000060_marketing_site_core — откат вернул схему в прежнее состояние
ok   20261006000061_marketing_site_grants — откат вернул схему в прежнее состояние
ok   20261007000062_generation_run_core — откат вернул схему в прежнее состояние
ok   20261007000063_generation_run_grants — откат вернул схему в прежнее состояние
ok   20261007000064_marketing_publication_domains — откат вернул схему в прежнее состояние
ok   20261007000065_marketing_publication_grants — откат вернул схему в прежнее состояние
ok   20261007000066_site_assets — откат вернул схему в прежнее состояние
ok   20261007000067_site_asset_grants — откат вернул схему в прежнее состояние
RESULT: OK
