FFF                                                                      [100%]
=================================== FAILURES ===================================
________________ test_runtime_rollout_stops_at_expand_revision _________________

tmp_path = PosixPath('/tmp/pytest-of-app/pytest-0/test_runtime_rollout_stops_at_0')

    def test_runtime_rollout_stops_at_expand_revision(tmp_path):
        result, commands = run_entrypoint(tmp_path, '0004')
        assert result.returncode == 0
>       assert commands == ['upgrade 0009', 'started']
E       AssertionError: assert ['upgrade head', 'started'] == ['upgrade 0009', 'started']
E         
E         At index 0 diff: 'upgrade head' != 'upgrade 0009'
E         Use -v to get more diff

/qa/tests/test_entrypoint_migration_boundary.py:26: AssertionError
______________ test_already_contracted_database_is_not_downgraded ______________

tmp_path = PosixPath('/tmp/pytest-of-app/pytest-0/test_already_contracted_databa0')

    def test_already_contracted_database_is_not_downgraded(tmp_path):
        result, commands = run_entrypoint(tmp_path, '0010 (head)')
        assert result.returncode == 0
>       assert commands == ['started']
E       AssertionError: assert ['upgrade head', 'started'] == ['started']
E         
E         At index 0 diff: 'upgrade head' != 'started'
E         Left contains one more item: 'started'
E         Use -v to get more diff

/qa/tests/test_entrypoint_migration_boundary.py:32: AssertionError
________________ test_unknown_future_revision_refuses_to_start _________________

tmp_path = PosixPath('/tmp/pytest-of-app/pytest-0/test_unknown_future_revision_r0')

    def test_unknown_future_revision_refuses_to_start(tmp_path):
        result, commands = run_entrypoint(tmp_path, '0011 (head)')
>       assert result.returncode != 0
E       AssertionError: assert 0 != 0
E        +  where 0 = CompletedProcess(args=['sh', '/qa/scripts/docker-entrypoint.sh', 'gunicorn'], returncode=0, stdout='', stderr='').returncode

/qa/tests/test_entrypoint_migration_boundary.py:37: AssertionError
=========================== short test summary info ============================
FAILED tests/test_entrypoint_migration_boundary.py::test_runtime_rollout_stops_at_expand_revision
FAILED tests/test_entrypoint_migration_boundary.py::test_already_contracted_database_is_not_downgraded
FAILED tests/test_entrypoint_migration_boundary.py::test_unknown_future_revision_refuses_to_start
3 failed in 0.10s
